-- The C compiler identification is GNU 11.4.0
-- The CXX compiler identification is GNU 11.4.0
-- Detecting C compiler ABI info
-- Detecting C compiler ABI info - done
-- Check for working C compiler: /usr/bin/cc - skipped
-- Detecting C compile features
-- Detecting C compile features - done
-- Detecting CXX compiler ABI info
-- Detecting CXX compiler ABI info - done
-- Check for working CXX compiler: /usr/bin/c++ - skipped
-- Detecting CXX compile features
-- Detecting CXX compile features - done
-- Found ament_cmake: 1.3.10 (/opt/ros/humble/share/ament_cmake/cmake)
-- Found Python3: /usr/bin/python3 (found version "3.10.12") found components: Interpreter 
-- Found std_msgs: 4.2.4 (/opt/ros/humble/share/std_msgs/cmake)
-- Found rosidl_generator_c: 3.1.5 (/opt/ros/humble/share/rosidl_generator_c/cmake)
-- Found rosidl_adapter: 3.1.5 (/opt/ros/humble/share/rosidl_adapter/cmake)
-- Found rosidl_generator_cpp: 3.1.5 (/opt/ros/humble/share/rosidl_generator_cpp/cmake)
-- Using all available rosidl_typesupport_c: rosidl_typesupport_fastrtps_c;rosidl_typesupport_introspection_c
-- Using all available rosidl_typesupport_cpp: rosidl_typesupport_fastrtps_cpp;rosidl_typesupport_introspection_cpp
-- Found rosidl_default_generators: 1.2.0 (/opt/ros/humble/share/rosidl_default_generators/cmake)
-- Found ament_lint_auto: 0.12.11 (/opt/ros/humble/share/ament_lint_auto/cmake)
-- Found ament_cmake_ros: 0.10.0 (/opt/ros/humble/share/ament_cmake_ros/cmake)
-- Using all available rosidl_typesupport_c: rosidl_typesupport_fastrtps_c;rosidl_typesupport_introspection_c
-- Using all available rosidl_typesupport_cpp: rosidl_typesupport_fastrtps_cpp;rosidl_typesupport_introspection_cpp
-- Found PythonInterp: /usr/bin/python3 (found suitable version "3.10.12", minimum required is "3.6") 
-- Found python_cmake_module: 0.10.0 (/opt/ros/humble/share/python_cmake_module/cmake)
-- Found PythonLibs: /usr/lib/x86_64-linux-gnu/libpython3.10.so (found suitable version "3.10.12", minimum required is "3.5") 
-- Using PYTHON_EXECUTABLE: /usr/bin/python3
-- Using PYTHON_INCLUDE_DIRS: /usr/include/python3.10
-- Using PYTHON_LIBRARIES: /usr/lib/x86_64-linux-gnu/libpython3.10.so
-- Found PythonExtra: .so  
-- Added test 'copyright' to check source files copyright and LICENSE
-- Added test 'cppcheck' to perform static code analysis on C / C++ code
-- Configured cppcheck include dirs: $<BUILD_INTERFACE:/home/nuc1/contact/sentry_msgs/build/sentry_msgs/rosidl_generator_c>;$<BUILD_INTERFACE:/home/nuc1/contact/sentry_msgs/build/sentry_msgs/rosidl_typesupport_fastrtps_c>;$<BUILD_INTERFACE:/home/nuc1/contact/sentry_msgs/build/sentry_msgs/rosidl_generator_cpp>;$<BUILD_INTERFACE:/home/nuc1/contact/sentry_msgs/build/sentry_msgs/rosidl_typesupport_fastrtps_cpp>;$<BUILD_INTERFACE:/home/nuc1/contact/sentry_msgs/build/sentry_msgs/rosidl_typesupport_introspection_c>;$<BUILD_INTERFACE:/home/nuc1/contact/sentry_msgs/build/sentry_msgs/rosidl_typesupport_introspection_cpp>;/home/nuc1/contact/sentry_msgs/build/sentry_msgs/rosidl_generator_c;/home/nuc1/contact/sentry_msgs/build/sentry_msgs/rosidl_generator_py
-- Configured cppcheck exclude dirs and/or files: 
-- Added test 'cpplint' to check C / C++ code against the Google style
-- Configured cpplint exclude dirs and/or files: 
-- Added test 'flake8' to check Python code syntax and style conventions
-- Added test 'lint_cmake' to check CMake code style
-- Added test 'pep257' to check Python code against some of the docstring style conventions in PEP 257
-- Added test 'uncrustify' to check C / C++ code style
-- Configured uncrustify additional arguments: 
-- Added test 'xmllint' to check XML markup files
-- Configuring done
-- Generating done
-- Build files have been written to: /home/nuc1/contact/sentry_msgs/build/sentry_msgs
[  0%] [34m[1mGenerating C code for ROS interfaces[0m
[  0%] [34m[1mGenerating C++ code for ROS interfaces[0m
[  0%] Built target ament_cmake_python_copy_sentry_msgs
running egg_info
creating sentry_msgs.egg-info
writing sentry_msgs.egg-info/PKG-INFO
writing dependency_links to sentry_msgs.egg-info/dependency_links.txt
writing top-level names to sentry_msgs.egg-info/top_level.txt
writing manifest file 'sentry_msgs.egg-info/SOURCES.txt'
reading manifest file 'sentry_msgs.egg-info/SOURCES.txt'
writing manifest file 'sentry_msgs.egg-info/SOURCES.txt'
[  0%] Built target ament_cmake_python_build_sentry_msgs_egg
[  1%] [32mBuilding C object CMakeFiles/sentry_msgs__rosidl_generator_c.dir/rosidl_generator_c/sentry_msgs/msg/detail/dr16_receiver__functions.c.o[0m
[  2%] [32mBuilding C object CMakeFiles/sentry_msgs__rosidl_generator_c.dir/rosidl_generator_c/sentry_msgs/msg/detail/game_status__functions.c.o[0m
[  2%] [32mBuilding C object CMakeFiles/sentry_msgs__rosidl_generator_c.dir/rosidl_generator_c/sentry_msgs/msg/detail/game_result__functions.c.o[0m
[  3%] [32mBuilding C object CMakeFiles/sentry_msgs__rosidl_generator_c.dir/rosidl_generator_c/sentry_msgs/msg/detail/robot_hp__functions.c.o[0m
[  4%] [32mBuilding C object CMakeFiles/sentry_msgs__rosidl_generator_c.dir/rosidl_generator_c/sentry_msgs/msg/detail/field_events__functions.c.o[0m
[  4%] [32mBuilding C object CMakeFiles/sentry_msgs__rosidl_generator_c.dir/rosidl_generator_c/sentry_msgs/msg/detail/robot_status__functions.c.o[0m
[  5%] [32mBuilding C object CMakeFiles/sentry_msgs__rosidl_generator_c.dir/rosidl_generator_c/sentry_msgs/msg/detail/robot_position__functions.c.o[0m
[  5%] [32mBuilding C object CMakeFiles/sentry_msgs__rosidl_generator_c.dir/rosidl_generator_c/sentry_msgs/msg/detail/robot_buff__functions.c.o[0m
[  6%] [32mBuilding C object CMakeFiles/sentry_msgs__rosidl_generator_c.dir/rosidl_generator_c/sentry_msgs/msg/detail/bullet_remaining__functions.c.o[0m
[  7%] [32mBuilding C object CMakeFiles/sentry_msgs__rosidl_generator_c.dir/rosidl_generator_c/sentry_msgs/msg/detail/client_command__functions.c.o[0m
[  7%] Built target sentry_msgs__cpp
[  7%] [32mBuilding C object CMakeFiles/sentry_msgs__rosidl_generator_c.dir/rosidl_generator_c/sentry_msgs/msg/detail/client_receive__functions.c.o[0m
[  8%] [32mBuilding C object CMakeFiles/sentry_msgs__rosidl_generator_c.dir/rosidl_generator_c/sentry_msgs/msg/detail/dual_loop_pid_with_filter__functions.c.o[0m
[  8%] [32mBuilding C object CMakeFiles/sentry_msgs__rosidl_generator_c.dir/rosidl_generator_c/sentry_msgs/msg/detail/dual_loop_pid__functions.c.o[0m
[  9%] [32mBuilding C object CMakeFiles/sentry_msgs__rosidl_generator_c.dir/rosidl_generator_c/sentry_msgs/msg/detail/shoot_data__functions.c.o[0m
[ 10%] [32mBuilding C object CMakeFiles/sentry_msgs__rosidl_generator_c.dir/rosidl_generator_c/sentry_msgs/msg/detail/auto_aim__functions.c.o[0m
[ 10%] [32mBuilding C object CMakeFiles/sentry_msgs__rosidl_generator_c.dir/rosidl_generator_c/sentry_msgs/srv/detail/vision_mode_switch__functions.c.o[0m
[ 11%] [32mBuilding C object CMakeFiles/sentry_msgs__rosidl_generator_c.dir/rosidl_generator_c/sentry_msgs/srv/detail/reset_motor_position__functions.c.o[0m
[ 12%] [34m[1mGenerating C++ type support dispatch for ROS interfaces[0m
[ 13%] [34m[1mGenerating C++ type support for eProsima Fast-RTPS[0m
[ 13%] [34m[1mGenerating C++ introspection for ROS interfaces[0m
[ 14%] [32m[1mLinking C shared library libsentry_msgs__rosidl_generator_c.so[0m
[ 14%] Built target sentry_msgs__rosidl_generator_c
[ 15%] [34m[1mGenerating C type support for eProsima Fast-RTPS[0m
[ 17%] [34m[1mGenerating C introspection for ROS interfaces[0m
[ 17%] [34m[1mGenerating C type support dispatch for ROS interfaces[0m
[ 18%] [32mBuilding CXX object CMakeFiles/sentry_msgs__rosidl_typesupport_introspection_cpp.dir/rosidl_typesupport_introspection_cpp/sentry_msgs/msg/detail/game_status__type_support.cpp.o[0m
[ 18%] [32mBuilding CXX object CMakeFiles/sentry_msgs__rosidl_typesupport_introspection_cpp.dir/rosidl_typesupport_introspection_cpp/sentry_msgs/msg/detail/dr16_receiver__type_support.cpp.o[0m
[ 19%] [32mBuilding CXX object CMakeFiles/sentry_msgs__rosidl_typesupport_introspection_cpp.dir/rosidl_typesupport_introspection_cpp/sentry_msgs/msg/detail/game_result__type_support.cpp.o[0m
[ 20%] [32mBuilding CXX object CMakeFiles/sentry_msgs__rosidl_typesupport_fastrtps_cpp.dir/rosidl_typesupport_fastrtps_cpp/sentry_msgs/msg/detail/dds_fastrtps/dr16_receiver__type_support.cpp.o[0m
[ 20%] [32mBuilding CXX object CMakeFiles/sentry_msgs__rosidl_typesupport_introspection_cpp.dir/rosidl_typesupport_introspection_cpp/sentry_msgs/msg/detail/field_events__type_support.cpp.o[0m
[ 21%] [32mBuilding CXX object CMakeFiles/sentry_msgs__rosidl_typesupport_introspection_cpp.dir/rosidl_typesupport_introspection_cpp/sentry_msgs/msg/detail/robot_hp__type_support.cpp.o[0m
[ 21%] [32mBuilding CXX object CMakeFiles/sentry_msgs__rosidl_typesupport_fastrtps_cpp.dir/rosidl_typesupport_fastrtps_cpp/sentry_msgs/msg/detail/dds_fastrtps/game_status__type_support.cpp.o[0m
[ 22%] [32mBuilding CXX object CMakeFiles/sentry_msgs__rosidl_typesupport_introspection_cpp.dir/rosidl_typesupport_introspection_cpp/sentry_msgs/msg/detail/robot_status__type_support.cpp.o[0m
[ 22%] [32mBuilding CXX object CMakeFiles/sentry_msgs__rosidl_typesupport_cpp.dir/rosidl_typesupport_cpp/sentry_msgs/msg/dr16_receiver__type_support.cpp.o[0m
[ 23%] [32mBuilding CXX object CMakeFiles/sentry_msgs__rosidl_typesupport_cpp.dir/rosidl_typesupport_cpp/sentry_msgs/msg/game_status__type_support.cpp.o[0m
[ 24%] [32mBuilding CXX object CMakeFiles/sentry_msgs__rosidl_typesupport_cpp.dir/rosidl_typesupport_cpp/sentry_msgs/msg/game_result__type_support.cpp.o[0m
[ 25%] [32mBuilding CXX object CMakeFiles/sentry_msgs__rosidl_typesupport_fastrtps_cpp.dir/rosidl_typesupport_fastrtps_cpp/sentry_msgs/msg/detail/dds_fastrtps/game_result__type_support.cpp.o[0m
[ 25%] [32mBuilding CXX object CMakeFiles/sentry_msgs__rosidl_typesupport_c.dir/rosidl_typesupport_c/sentry_msgs/msg/dr16_receiver__type_support.cpp.o[0m
[ 26%] [32mBuilding CXX object CMakeFiles/sentry_msgs__rosidl_typesupport_c.dir/rosidl_typesupport_c/sentry_msgs/msg/game_status__type_support.cpp.o[0m
[ 27%] [32mBuilding CXX object CMakeFiles/sentry_msgs__rosidl_typesupport_introspection_cpp.dir/rosidl_typesupport_introspection_cpp/sentry_msgs/msg/detail/robot_position__type_support.cpp.o[0m
[ 28%] [32mBuilding CXX object CMakeFiles/sentry_msgs__rosidl_typesupport_c.dir/rosidl_typesupport_c/sentry_msgs/msg/game_result__type_support.cpp.o[0m
[ 28%] [32mBuilding CXX object CMakeFiles/sentry_msgs__rosidl_typesupport_c.dir/rosidl_typesupport_c/sentry_msgs/msg/robot_hp__type_support.cpp.o[0m
[ 30%] [32mBuilding CXX object CMakeFiles/sentry_msgs__rosidl_typesupport_fastrtps_cpp.dir/rosidl_typesupport_fastrtps_cpp/sentry_msgs/msg/detail/dds_fastrtps/robot_hp__type_support.cpp.o[0m
[ 30%] [32mBuilding CXX object CMakeFiles/sentry_msgs__rosidl_typesupport_c.dir/rosidl_typesupport_c/sentry_msgs/msg/field_events__type_support.cpp.o[0m
[ 30%] [32mBuilding CXX object CMakeFiles/sentry_msgs__rosidl_typesupport_c.dir/rosidl_typesupport_c/sentry_msgs/msg/robot_status__type_support.cpp.o[0m
[ 31%] [32mBuilding CXX object CMakeFiles/sentry_msgs__rosidl_typesupport_c.dir/rosidl_typesupport_c/sentry_msgs/msg/robot_position__type_support.cpp.o[0m
[ 31%] [32mBuilding CXX object CMakeFiles/sentry_msgs__rosidl_typesupport_cpp.dir/rosidl_typesupport_cpp/sentry_msgs/msg/robot_hp__type_support.cpp.o[0m
[ 32%] [32mBuilding CXX object CMakeFiles/sentry_msgs__rosidl_typesupport_cpp.dir/rosidl_typesupport_cpp/sentry_msgs/msg/field_events__type_support.cpp.o[0m
[ 33%] [32mBuilding CXX object CMakeFiles/sentry_msgs__rosidl_typesupport_c.dir/rosidl_typesupport_c/sentry_msgs/msg/robot_buff__type_support.cpp.o[0m
[ 33%] [32mBuilding CXX object CMakeFiles/sentry_msgs__rosidl_typesupport_c.dir/rosidl_typesupport_c/sentry_msgs/msg/bullet_remaining__type_support.cpp.o[0m
[ 34%] [32mBuilding CXX object CMakeFiles/sentry_msgs__rosidl_typesupport_c.dir/rosidl_typesupport_c/sentry_msgs/msg/client_command__type_support.cpp.o[0m
[ 35%] [32mBuilding C object CMakeFiles/sentry_msgs__rosidl_typesupport_introspection_c.dir/rosidl_typesupport_introspection_c/sentry_msgs/msg/detail/dr16_receiver__type_support.c.o[0m
[ 36%] [32mBuilding CXX object CMakeFiles/sentry_msgs__rosidl_typesupport_c.dir/rosidl_typesupport_c/sentry_msgs/msg/client_receive__type_support.cpp.o[0m
[ 36%] [32mBuilding C object CMakeFiles/sentry_msgs__rosidl_typesupport_introspection_c.dir/rosidl_typesupport_introspection_c/sentry_msgs/msg/detail/game_status__type_support.c.o[0m
[ 36%] [32mBuilding CXX object CMakeFiles/sentry_msgs__rosidl_typesupport_c.dir/rosidl_typesupport_c/sentry_msgs/msg/auto_aim__type_support.cpp.o[0m
[ 36%] [32mBuilding CXX object CMakeFiles/sentry_msgs__rosidl_typesupport_introspection_cpp.dir/rosidl_typesupport_introspection_cpp/sentry_msgs/msg/detail/robot_buff__type_support.cpp.o[0m
[ 37%] [32mBuilding C object CMakeFiles/sentry_msgs__rosidl_typesupport_introspection_c.dir/rosidl_typesupport_introspection_c/sentry_msgs/msg/detail/game_result__type_support.c.o[0m
[ 38%] [32mBuilding CXX object CMakeFiles/sentry_msgs__rosidl_typesupport_c.dir/rosidl_typesupport_c/sentry_msgs/msg/dual_loop_pid_with_filter__type_support.cpp.o[0m
[ 38%] [32mBuilding CXX object CMakeFiles/sentry_msgs__rosidl_typesupport_c.dir/rosidl_typesupport_c/sentry_msgs/msg/dual_loop_pid__type_support.cpp.o[0m
[ 38%] [32mBuilding C object CMakeFiles/sentry_msgs__rosidl_typesupport_introspection_c.dir/rosidl_typesupport_introspection_c/sentry_msgs/msg/detail/robot_hp__type_support.c.o[0m
[ 39%] [32mBuilding CXX object CMakeFiles/sentry_msgs__rosidl_typesupport_c.dir/rosidl_typesupport_c/sentry_msgs/msg/shoot_data__type_support.cpp.o[0m
[ 40%] [32mBuilding C object CMakeFiles/sentry_msgs__rosidl_typesupport_introspection_c.dir/rosidl_typesupport_introspection_c/sentry_msgs/msg/detail/field_events__type_support.c.o[0m
[ 41%] [32mBuilding CXX object CMakeFiles/sentry_msgs__rosidl_typesupport_c.dir/rosidl_typesupport_c/sentry_msgs/srv/vision_mode_switch__type_support.cpp.o[0m
[ 41%] [32mBuilding CXX object CMakeFiles/sentry_msgs__rosidl_typesupport_c.dir/rosidl_typesupport_c/sentry_msgs/srv/reset_motor_position__type_support.cpp.o[0m
[ 42%] [32mBuilding C object CMakeFiles/sentry_msgs__rosidl_typesupport_introspection_c.dir/rosidl_typesupport_introspection_c/sentry_msgs/msg/detail/robot_status__type_support.c.o[0m
[ 42%] [32mBuilding CXX object CMakeFiles/sentry_msgs__rosidl_typesupport_fastrtps_cpp.dir/rosidl_typesupport_fastrtps_cpp/sentry_msgs/msg/detail/dds_fastrtps/field_events__type_support.cpp.o[0m
[ 43%] [32mBuilding CXX object CMakeFiles/sentry_msgs__rosidl_typesupport_cpp.dir/rosidl_typesupport_cpp/sentry_msgs/msg/robot_status__type_support.cpp.o[0m
[ 44%] [32mBuilding CXX object CMakeFiles/sentry_msgs__rosidl_typesupport_fastrtps_cpp.dir/rosidl_typesupport_fastrtps_cpp/sentry_msgs/msg/detail/dds_fastrtps/robot_status__type_support.cpp.o[0m
[ 45%] [32m[1mLinking CXX shared library libsentry_msgs__rosidl_typesupport_c.so[0m
[ 45%] [32mBuilding C object CMakeFiles/sentry_msgs__rosidl_typesupport_introspection_c.dir/rosidl_typesupport_introspection_c/sentry_msgs/msg/detail/robot_position__type_support.c.o[0m
[ 46%] [32mBuilding C object CMakeFiles/sentry_msgs__rosidl_typesupport_introspection_c.dir/rosidl_typesupport_introspection_c/sentry_msgs/msg/detail/robot_buff__type_support.c.o[0m
[ 46%] Built target sentry_msgs__rosidl_typesupport_c
[ 46%] [32mBuilding CXX object CMakeFiles/sentry_msgs__rosidl_typesupport_fastrtps_cpp.dir/rosidl_typesupport_fastrtps_cpp/sentry_msgs/msg/detail/dds_fastrtps/robot_position__type_support.cpp.o[0m
[ 46%] [32mBuilding CXX object CMakeFiles/sentry_msgs__rosidl_typesupport_cpp.dir/rosidl_typesupport_cpp/sentry_msgs/msg/robot_position__type_support.cpp.o[0m
[ 47%] [32mBuilding C object CMakeFiles/sentry_msgs__rosidl_typesupport_introspection_c.dir/rosidl_typesupport_introspection_c/sentry_msgs/msg/detail/bullet_remaining__type_support.c.o[0m
[ 47%] [32mBuilding C object CMakeFiles/sentry_msgs__rosidl_typesupport_introspection_c.dir/rosidl_typesupport_introspection_c/sentry_msgs/msg/detail/client_command__type_support.c.o[0m
[ 47%] [32mBuilding CXX object CMakeFiles/sentry_msgs__rosidl_typesupport_fastrtps_c.dir/rosidl_typesupport_fastrtps_c/sentry_msgs/msg/detail/dr16_receiver__type_support_c.cpp.o[0m
[ 48%] [32mBuilding C object CMakeFiles/sentry_msgs__rosidl_typesupport_introspection_c.dir/rosidl_typesupport_introspection_c/sentry_msgs/msg/detail/client_receive__type_support.c.o[0m
[ 49%] [32mBuilding C object CMakeFiles/sentry_msgs__rosidl_typesupport_introspection_c.dir/rosidl_typesupport_introspection_c/sentry_msgs/msg/detail/auto_aim__type_support.c.o[0m
[ 49%] [32mBuilding C object CMakeFiles/sentry_msgs__rosidl_typesupport_introspection_c.dir/rosidl_typesupport_introspection_c/sentry_msgs/msg/detail/dual_loop_pid_with_filter__type_support.c.o[0m
[ 50%] [32mBuilding C object CMakeFiles/sentry_msgs__rosidl_typesupport_introspection_c.dir/rosidl_typesupport_introspection_c/sentry_msgs/msg/detail/dual_loop_pid__type_support.c.o[0m
[ 51%] [32mBuilding CXX object CMakeFiles/sentry_msgs__rosidl_typesupport_introspection_cpp.dir/rosidl_typesupport_introspection_cpp/sentry_msgs/msg/detail/bullet_remaining__type_support.cpp.o[0m
[ 51%] [32mBuilding CXX object CMakeFiles/sentry_msgs__rosidl_typesupport_introspection_cpp.dir/rosidl_typesupport_introspection_cpp/sentry_msgs/msg/detail/client_command__type_support.cpp.o[0m
[ 51%] [32mBuilding C object CMakeFiles/sentry_msgs__rosidl_typesupport_introspection_c.dir/rosidl_typesupport_introspection_c/sentry_msgs/msg/detail/shoot_data__type_support.c.o[0m
[ 52%] [32mBuilding C object CMakeFiles/sentry_msgs__rosidl_typesupport_introspection_c.dir/rosidl_typesupport_introspection_c/sentry_msgs/srv/detail/vision_mode_switch__type_support.c.o[0m
[ 53%] [32mBuilding CXX object CMakeFiles/sentry_msgs__rosidl_typesupport_cpp.dir/rosidl_typesupport_cpp/sentry_msgs/msg/robot_buff__type_support.cpp.o[0m
[ 54%] [32mBuilding C object CMakeFiles/sentry_msgs__rosidl_typesupport_introspection_c.dir/rosidl_typesupport_introspection_c/sentry_msgs/srv/detail/reset_motor_position__type_support.c.o[0m
[ 54%] [32m[1mLinking C shared library libsentry_msgs__rosidl_typesupport_introspection_c.so[0m
[ 55%] [32mBuilding CXX object CMakeFiles/sentry_msgs__rosidl_typesupport_fastrtps_c.dir/rosidl_typesupport_fastrtps_c/sentry_msgs/msg/detail/game_status__type_support_c.cpp.o[0m
[ 55%] Built target sentry_msgs__rosidl_typesupport_introspection_c
[ 56%] [32mBuilding CXX object CMakeFiles/sentry_msgs__rosidl_typesupport_introspection_cpp.dir/rosidl_typesupport_introspection_cpp/sentry_msgs/msg/detail/client_receive__type_support.cpp.o[0m
[ 57%] [32mBuilding CXX object CMakeFiles/sentry_msgs__rosidl_typesupport_fastrtps_cpp.dir/rosidl_typesupport_fastrtps_cpp/sentry_msgs/msg/detail/dds_fastrtps/robot_buff__type_support.cpp.o[0m
[ 58%] [32mBuilding CXX object CMakeFiles/sentry_msgs__rosidl_typesupport_introspection_cpp.dir/rosidl_typesupport_introspection_cpp/sentry_msgs/msg/detail/auto_aim__type_support.cpp.o[0m
[ 59%] [32mBuilding CXX object CMakeFiles/sentry_msgs__rosidl_typesupport_fastrtps_cpp.dir/rosidl_typesupport_fastrtps_cpp/sentry_msgs/msg/detail/dds_fastrtps/bullet_remaining__type_support.cpp.o[0m
[ 60%] [32mBuilding CXX object CMakeFiles/sentry_msgs__rosidl_typesupport_cpp.dir/rosidl_typesupport_cpp/sentry_msgs/msg/bullet_remaining__type_support.cpp.o[0m
[ 61%] [32mBuilding CXX object CMakeFiles/sentry_msgs__rosidl_typesupport_fastrtps_c.dir/rosidl_typesupport_fastrtps_c/sentry_msgs/msg/detail/game_result__type_support_c.cpp.o[0m
[ 61%] [32mBuilding CXX object CMakeFiles/sentry_msgs__rosidl_typesupport_fastrtps_cpp.dir/rosidl_typesupport_fastrtps_cpp/sentry_msgs/msg/detail/dds_fastrtps/client_command__type_support.cpp.o[0m
[ 62%] [32mBuilding CXX object CMakeFiles/sentry_msgs__rosidl_typesupport_fastrtps_cpp.dir/rosidl_typesupport_fastrtps_cpp/sentry_msgs/msg/detail/dds_fastrtps/client_receive__type_support.cpp.o[0m
[ 62%] [32mBuilding CXX object CMakeFiles/sentry_msgs__rosidl_typesupport_fastrtps_c.dir/rosidl_typesupport_fastrtps_c/sentry_msgs/msg/detail/robot_hp__type_support_c.cpp.o[0m
[ 62%] [32mBuilding CXX object CMakeFiles/sentry_msgs__rosidl_typesupport_introspection_cpp.dir/rosidl_typesupport_introspection_cpp/sentry_msgs/msg/detail/dual_loop_pid_with_filter__type_support.cpp.o[0m
[ 62%] [32mBuilding CXX object CMakeFiles/sentry_msgs__rosidl_typesupport_cpp.dir/rosidl_typesupport_cpp/sentry_msgs/msg/client_command__type_support.cpp.o[0m
[ 63%] [32mBuilding CXX object CMakeFiles/sentry_msgs__rosidl_typesupport_introspection_cpp.dir/rosidl_typesupport_introspection_cpp/sentry_msgs/msg/detail/dual_loop_pid__type_support.cpp.o[0m
[ 64%] [32mBuilding CXX object CMakeFiles/sentry_msgs__rosidl_typesupport_fastrtps_c.dir/rosidl_typesupport_fastrtps_c/sentry_msgs/msg/detail/field_events__type_support_c.cpp.o[0m
[ 65%] [32mBuilding CXX object CMakeFiles/sentry_msgs__rosidl_typesupport_introspection_cpp.dir/rosidl_typesupport_introspection_cpp/sentry_msgs/msg/detail/shoot_data__type_support.cpp.o[0m
[ 65%] [32mBuilding CXX object CMakeFiles/sentry_msgs__rosidl_typesupport_introspection_cpp.dir/rosidl_typesupport_introspection_cpp/sentry_msgs/srv/detail/vision_mode_switch__type_support.cpp.o[0m
[ 66%] [32mBuilding CXX object CMakeFiles/sentry_msgs__rosidl_typesupport_cpp.dir/rosidl_typesupport_cpp/sentry_msgs/msg/client_receive__type_support.cpp.o[0m
[ 67%] [32mBuilding CXX object CMakeFiles/sentry_msgs__rosidl_typesupport_fastrtps_cpp.dir/rosidl_typesupport_fastrtps_cpp/sentry_msgs/msg/detail/dds_fastrtps/auto_aim__type_support.cpp.o[0m
[ 68%] [32mBuilding CXX object CMakeFiles/sentry_msgs__rosidl_typesupport_introspection_cpp.dir/rosidl_typesupport_introspection_cpp/sentry_msgs/srv/detail/reset_motor_position__type_support.cpp.o[0m
[ 69%] [32mBuilding CXX object CMakeFiles/sentry_msgs__rosidl_typesupport_fastrtps_c.dir/rosidl_typesupport_fastrtps_c/sentry_msgs/msg/detail/robot_status__type_support_c.cpp.o[0m
[ 69%] [32mBuilding CXX object CMakeFiles/sentry_msgs__rosidl_typesupport_cpp.dir/rosidl_typesupport_cpp/sentry_msgs/msg/auto_aim__type_support.cpp.o[0m
[ 69%] [32mBuilding CXX object CMakeFiles/sentry_msgs__rosidl_typesupport_fastrtps_c.dir/rosidl_typesupport_fastrtps_c/sentry_msgs/msg/detail/robot_position__type_support_c.cpp.o[0m
[ 69%] [32mBuilding CXX object CMakeFiles/sentry_msgs__rosidl_typesupport_fastrtps_cpp.dir/rosidl_typesupport_fastrtps_cpp/sentry_msgs/msg/detail/dds_fastrtps/dual_loop_pid_with_filter__type_support.cpp.o[0m
[ 70%] [32mBuilding CXX object CMakeFiles/sentry_msgs__rosidl_typesupport_fastrtps_cpp.dir/rosidl_typesupport_fastrtps_cpp/sentry_msgs/msg/detail/dds_fastrtps/dual_loop_pid__type_support.cpp.o[0m
[ 71%] [32mBuilding CXX object CMakeFiles/sentry_msgs__rosidl_typesupport_cpp.dir/rosidl_typesupport_cpp/sentry_msgs/msg/dual_loop_pid_with_filter__type_support.cpp.o[0m
[ 71%] [32mBuilding CXX object CMakeFiles/sentry_msgs__rosidl_typesupport_fastrtps_cpp.dir/rosidl_typesupport_fastrtps_cpp/sentry_msgs/msg/detail/dds_fastrtps/shoot_data__type_support.cpp.o[0m
[ 72%] [32mBuilding CXX object CMakeFiles/sentry_msgs__rosidl_typesupport_fastrtps_c.dir/rosidl_typesupport_fastrtps_c/sentry_msgs/msg/detail/robot_buff__type_support_c.cpp.o[0m
[ 73%] [32m[1mLinking CXX shared library libsentry_msgs__rosidl_typesupport_introspection_cpp.so[0m
[ 74%] [32mBuilding CXX object CMakeFiles/sentry_msgs__rosidl_typesupport_cpp.dir/rosidl_typesupport_cpp/sentry_msgs/msg/dual_loop_pid__type_support.cpp.o[0m
[ 75%] [32mBuilding CXX object CMakeFiles/sentry_msgs__rosidl_typesupport_fastrtps_cpp.dir/rosidl_typesupport_fastrtps_cpp/sentry_msgs/srv/detail/dds_fastrtps/vision_mode_switch__type_support.cpp.o[0m
[ 75%] Built target sentry_msgs__rosidl_typesupport_introspection_cpp
[ 75%] [32mBuilding CXX object CMakeFiles/sentry_msgs__rosidl_typesupport_fastrtps_c.dir/rosidl_typesupport_fastrtps_c/sentry_msgs/msg/detail/bullet_remaining__type_support_c.cpp.o[0m
[ 76%] [32mBuilding CXX object CMakeFiles/sentry_msgs__rosidl_typesupport_fastrtps_cpp.dir/rosidl_typesupport_fastrtps_cpp/sentry_msgs/srv/detail/dds_fastrtps/reset_motor_position__type_support.cpp.o[0m
[ 77%] [32mBuilding CXX object CMakeFiles/sentry_msgs__rosidl_typesupport_fastrtps_c.dir/rosidl_typesupport_fastrtps_c/sentry_msgs/msg/detail/client_command__type_support_c.cpp.o[0m
[ 78%] [32mBuilding CXX object CMakeFiles/sentry_msgs__rosidl_typesupport_fastrtps_c.dir/rosidl_typesupport_fastrtps_c/sentry_msgs/msg/detail/client_receive__type_support_c.cpp.o[0m
[ 78%] [32mBuilding CXX object CMakeFiles/sentry_msgs__rosidl_typesupport_cpp.dir/rosidl_typesupport_cpp/sentry_msgs/msg/shoot_data__type_support.cpp.o[0m
[ 79%] [32mBuilding CXX object CMakeFiles/sentry_msgs__rosidl_typesupport_cpp.dir/rosidl_typesupport_cpp/sentry_msgs/srv/vision_mode_switch__type_support.cpp.o[0m
[ 80%] [32mBuilding CXX object CMakeFiles/sentry_msgs__rosidl_typesupport_cpp.dir/rosidl_typesupport_cpp/sentry_msgs/srv/reset_motor_position__type_support.cpp.o[0m
[ 80%] [32mBuilding CXX object CMakeFiles/sentry_msgs__rosidl_typesupport_fastrtps_c.dir/rosidl_typesupport_fastrtps_c/sentry_msgs/msg/detail/auto_aim__type_support_c.cpp.o[0m
[ 81%] [32mBuilding CXX object CMakeFiles/sentry_msgs__rosidl_typesupport_fastrtps_c.dir/rosidl_typesupport_fastrtps_c/sentry_msgs/msg/detail/dual_loop_pid_with_filter__type_support_c.cpp.o[0m
[ 82%] [32mBuilding CXX object CMakeFiles/sentry_msgs__rosidl_typesupport_fastrtps_c.dir/rosidl_typesupport_fastrtps_c/sentry_msgs/msg/detail/dual_loop_pid__type_support_c.cpp.o[0m
[ 82%] [32mBuilding CXX object CMakeFiles/sentry_msgs__rosidl_typesupport_fastrtps_c.dir/rosidl_typesupport_fastrtps_c/sentry_msgs/msg/detail/shoot_data__type_support_c.cpp.o[0m
[ 83%] [32mBuilding CXX object CMakeFiles/sentry_msgs__rosidl_typesupport_fastrtps_c.dir/rosidl_typesupport_fastrtps_c/sentry_msgs/srv/detail/vision_mode_switch__type_support_c.cpp.o[0m
[ 84%] [32mBuilding CXX object CMakeFiles/sentry_msgs__rosidl_typesupport_fastrtps_c.dir/rosidl_typesupport_fastrtps_c/sentry_msgs/srv/detail/reset_motor_position__type_support_c.cpp.o[0m
[ 84%] [32m[1mLinking CXX shared library libsentry_msgs__rosidl_typesupport_cpp.so[0m
[ 84%] [32m[1mLinking CXX shared library libsentry_msgs__rosidl_typesupport_fastrtps_cpp.so[0m
[ 84%] Built target sentry_msgs__rosidl_typesupport_cpp
[ 84%] Built target sentry_msgs__rosidl_typesupport_fastrtps_cpp
[ 84%] [32m[1mLinking CXX shared library libsentry_msgs__rosidl_typesupport_fastrtps_c.so[0m
[ 84%] Built target sentry_msgs__rosidl_typesupport_fastrtps_c
[ 84%] Built target sentry_msgs
[ 85%] [34m[1mGenerating Python code for ROS interfaces[0m
[ 85%] Built target sentry_msgs__py
[ 87%] [32mBuilding C object CMakeFiles/sentry_msgs__rosidl_generator_py.dir/rosidl_generator_py/sentry_msgs/msg/_dr16_receiver_s.c.o[0m
[ 88%] [32mBuilding C object CMakeFiles/sentry_msgs__rosidl_generator_py.dir/rosidl_generator_py/sentry_msgs/msg/_game_result_s.c.o[0m
[ 88%] [32mBuilding C object CMakeFiles/sentry_msgs__rosidl_generator_py.dir/rosidl_generator_py/sentry_msgs/msg/_field_events_s.c.o[0m
[ 88%] [32mBuilding C object CMakeFiles/sentry_msgs__rosidl_generator_py.dir/rosidl_generator_py/sentry_msgs/msg/_robot_status_s.c.o[0m
[ 88%] [32mBuilding C object CMakeFiles/sentry_msgs__rosidl_generator_py.dir/rosidl_generator_py/sentry_msgs/msg/_game_status_s.c.o[0m
[ 87%] [32mBuilding C object CMakeFiles/sentry_msgs__rosidl_generator_py.dir/rosidl_generator_py/sentry_msgs/msg/_robot_hp_s.c.o[0m
[ 89%] [32mBuilding C object CMakeFiles/sentry_msgs__rosidl_generator_py.dir/rosidl_generator_py/sentry_msgs/msg/_robot_position_s.c.o[0m
[ 90%] [32mBuilding C object CMakeFiles/sentry_msgs__rosidl_generator_py.dir/rosidl_generator_py/sentry_msgs/msg/_robot_buff_s.c.o[0m
[ 90%] [32mBuilding C object CMakeFiles/sentry_msgs__rosidl_generator_py.dir/rosidl_generator_py/sentry_msgs/msg/_bullet_remaining_s.c.o[0m
[ 91%] [32mBuilding C object CMakeFiles/sentry_msgs__rosidl_generator_py.dir/rosidl_generator_py/sentry_msgs/msg/_client_command_s.c.o[0m
[ 91%] [32mBuilding C object CMakeFiles/sentry_msgs__rosidl_generator_py.dir/rosidl_generator_py/sentry_msgs/msg/_auto_aim_s.c.o[0m
[ 92%] [32mBuilding C object CMakeFiles/sentry_msgs__rosidl_generator_py.dir/rosidl_generator_py/sentry_msgs/msg/_client_receive_s.c.o[0m
[ 93%] [32mBuilding C object CMakeFiles/sentry_msgs__rosidl_generator_py.dir/rosidl_generator_py/sentry_msgs/msg/_dual_loop_pid_with_filter_s.c.o[0m
[ 94%] [32mBuilding C object CMakeFiles/sentry_msgs__rosidl_generator_py.dir/rosidl_generator_py/sentry_msgs/msg/_dual_loop_pid_s.c.o[0m
[ 94%] [32mBuilding C object CMakeFiles/sentry_msgs__rosidl_generator_py.dir/rosidl_generator_py/sentry_msgs/msg/_shoot_data_s.c.o[0m
[ 95%] [32mBuilding C object CMakeFiles/sentry_msgs__rosidl_generator_py.dir/rosidl_generator_py/sentry_msgs/srv/_vision_mode_switch_s.c.o[0m
[ 95%] [32mBuilding C object CMakeFiles/sentry_msgs__rosidl_generator_py.dir/rosidl_generator_py/sentry_msgs/srv/_reset_motor_position_s.c.o[0m
[ 96%] [32m[1mLinking C shared library rosidl_generator_py/sentry_msgs/libsentry_msgs__rosidl_generator_py.so[0m
[ 96%] Built target sentry_msgs__rosidl_generator_py
[ 99%] [32mBuilding C object CMakeFiles/sentry_msgs__rosidl_typesupport_introspection_c__pyext.dir/rosidl_generator_py/sentry_msgs/_sentry_msgs_s.ep.rosidl_typesupport_introspection_c.c.o[0m
[ 99%] [32mBuilding C object CMakeFiles/sentry_msgs__rosidl_typesupport_fastrtps_c__pyext.dir/rosidl_generator_py/sentry_msgs/_sentry_msgs_s.ep.rosidl_typesupport_fastrtps_c.c.o[0m
[ 99%] [32mBuilding C object CMakeFiles/sentry_msgs__rosidl_typesupport_c__pyext.dir/rosidl_generator_py/sentry_msgs/_sentry_msgs_s.ep.rosidl_typesupport_c.c.o[0m
[100%] [32m[1mLinking C shared library rosidl_generator_py/sentry_msgs/sentry_msgs_s__rosidl_typesupport_introspection_c.cpython-310-x86_64-linux-gnu.so[0m
[100%] Built target sentry_msgs__rosidl_typesupport_introspection_c__pyext
[100%] [32m[1mLinking C shared library rosidl_generator_py/sentry_msgs/sentry_msgs_s__rosidl_typesupport_fastrtps_c.cpython-310-x86_64-linux-gnu.so[0m
[100%] [32m[1mLinking C shared library rosidl_generator_py/sentry_msgs/sentry_msgs_s__rosidl_typesupport_c.cpython-310-x86_64-linux-gnu.so[0m
[100%] Built target sentry_msgs__rosidl_typesupport_c__pyext
[100%] Built target sentry_msgs__rosidl_typesupport_fastrtps_c__pyext
-- Install configuration: ""
-- Installing: /home/nuc1/contact/sentry_msgs/install/sentry_msgs/share/ament_index/resource_index/rosidl_interfaces/sentry_msgs
-- Installing: /home/nuc1/contact/sentry_msgs/install/sentry_msgs/include/sentry_msgs/sentry_msgs
-- Installing: /home/nuc1/contact/sentry_msgs/install/sentry_msgs/include/sentry_msgs/sentry_msgs/srv
-- Installing: /home/nuc1/contact/sentry_msgs/install/sentry_msgs/include/sentry_msgs/sentry_msgs/srv/vision_mode_switch.h
-- Installing: /home/nuc1/contact/sentry_msgs/install/sentry_msgs/include/sentry_msgs/sentry_msgs/srv/reset_motor_position.h
-- Installing: /home/nuc1/contact/sentry_msgs/install/sentry_msgs/include/sentry_msgs/sentry_msgs/srv/detail
-- Installing: /home/nuc1/contact/sentry_msgs/install/sentry_msgs/include/sentry_msgs/sentry_msgs/srv/detail/reset_motor_position__functions.h
-- Installing: /home/nuc1/contact/sentry_msgs/install/sentry_msgs/include/sentry_msgs/sentry_msgs/srv/detail/vision_mode_switch__type_support.h
-- Installing: /home/nuc1/contact/sentry_msgs/install/sentry_msgs/include/sentry_msgs/sentry_msgs/srv/detail/vision_mode_switch__struct.h
-- Installing: /home/nuc1/contact/sentry_msgs/install/sentry_msgs/include/sentry_msgs/sentry_msgs/srv/detail/reset_motor_position__type_support.h
-- Installing: /home/nuc1/contact/sentry_msgs/install/sentry_msgs/include/sentry_msgs/sentry_msgs/srv/detail/reset_motor_position__struct.h
-- Installing: /home/nuc1/contact/sentry_msgs/install/sentry_msgs/include/sentry_msgs/sentry_msgs/srv/detail/reset_motor_position__functions.c
-- Installing: /home/nuc1/contact/sentry_msgs/install/sentry_msgs/include/sentry_msgs/sentry_msgs/srv/detail/vision_mode_switch__functions.c
-- Installing: /home/nuc1/contact/sentry_msgs/install/sentry_msgs/include/sentry_msgs/sentry_msgs/srv/detail/vision_mode_switch__functions.h
-- Installing: /home/nuc1/contact/sentry_msgs/install/sentry_msgs/include/sentry_msgs/sentry_msgs/msg
-- Installing: /home/nuc1/contact/sentry_msgs/install/sentry_msgs/include/sentry_msgs/sentry_msgs/msg/rosidl_generator_c__visibility_control.h
-- Installing: /home/nuc1/contact/sentry_msgs/install/sentry_msgs/include/sentry_msgs/sentry_msgs/msg/auto_aim.h
-- Installing: /home/nuc1/contact/sentry_msgs/install/sentry_msgs/include/sentry_msgs/sentry_msgs/msg/robot_buff.h
-- Installing: /home/nuc1/contact/sentry_msgs/install/sentry_msgs/include/sentry_msgs/sentry_msgs/msg/client_receive.h
-- Installing: /home/nuc1/contact/sentry_msgs/install/sentry_msgs/include/sentry_msgs/sentry_msgs/msg/game_result.h
-- Installing: /home/nuc1/contact/sentry_msgs/install/sentry_msgs/include/sentry_msgs/sentry_msgs/msg/shoot_data.h
-- Installing: /home/nuc1/contact/sentry_msgs/install/sentry_msgs/include/sentry_msgs/sentry_msgs/msg/client_command.h
-- Installing: /home/nuc1/contact/sentry_msgs/install/sentry_msgs/include/sentry_msgs/sentry_msgs/msg/dual_loop_pid.h
-- Installing: /home/nuc1/contact/sentry_msgs/install/sentry_msgs/include/sentry_msgs/sentry_msgs/msg/bullet_remaining.h
-- Installing: /home/nuc1/contact/sentry_msgs/install/sentry_msgs/include/sentry_msgs/sentry_msgs/msg/dual_loop_pid_with_filter.h
-- Installing: /home/nuc1/contact/sentry_msgs/install/sentry_msgs/include/sentry_msgs/sentry_msgs/msg/game_status.h
-- Installing: /home/nuc1/contact/sentry_msgs/install/sentry_msgs/include/sentry_msgs/sentry_msgs/msg/robot_hp.h
-- Installing: /home/nuc1/contact/sentry_msgs/install/sentry_msgs/include/sentry_msgs/sentry_msgs/msg/field_events.h
-- Installing: /home/nuc1/contact/sentry_msgs/install/sentry_msgs/include/sentry_msgs/sentry_msgs/msg/robot_status.h
-- Installing: /home/nuc1/contact/sentry_msgs/install/sentry_msgs/include/sentry_msgs/sentry_msgs/msg/robot_position.h
-- Installing: /home/nuc1/contact/sentry_msgs/install/sentry_msgs/include/sentry_msgs/sentry_msgs/msg/detail
-- Installing: /home/nuc1/contact/sentry_msgs/install/sentry_msgs/include/sentry_msgs/sentry_msgs/msg/detail/game_status__struct.h
-- Installing: /home/nuc1/contact/sentry_msgs/install/sentry_msgs/include/sentry_msgs/sentry_msgs/msg/detail/robot_status__functions.c
-- Installing: /home/nuc1/contact/sentry_msgs/install/sentry_msgs/include/sentry_msgs/sentry_msgs/msg/detail/client_receive__type_support.h
-- Installing: /home/nuc1/contact/sentry_msgs/install/sentry_msgs/include/sentry_msgs/sentry_msgs/msg/detail/dr16_receiver__functions.h
-- Installing: /home/nuc1/contact/sentry_msgs/install/sentry_msgs/include/sentry_msgs/sentry_msgs/msg/detail/dr16_receiver__type_support.h
-- Installing: /home/nuc1/contact/sentry_msgs/install/sentry_msgs/include/sentry_msgs/sentry_msgs/msg/detail/game_status__functions.h
-- Installing: /home/nuc1/contact/sentry_msgs/install/sentry_msgs/include/sentry_msgs/sentry_msgs/msg/detail/robot_buff__functions.h
-- Installing: /home/nuc1/contact/sentry_msgs/install/sentry_msgs/include/sentry_msgs/sentry_msgs/msg/detail/dr16_receiver__struct.h
-- Installing: /home/nuc1/contact/sentry_msgs/install/sentry_msgs/include/sentry_msgs/sentry_msgs/msg/detail/dual_loop_pid__functions.c
-- Installing: /home/nuc1/contact/sentry_msgs/install/sentry_msgs/include/sentry_msgs/sentry_msgs/msg/detail/shoot_data__functions.c
-- Installing: /home/nuc1/contact/sentry_msgs/install/sentry_msgs/include/sentry_msgs/sentry_msgs/msg/detail/robot_hp__functions.h
-- Installing: /home/nuc1/contact/sentry_msgs/install/sentry_msgs/include/sentry_msgs/sentry_msgs/msg/detail/client_receive__functions.h
-- Installing: /home/nuc1/contact/sentry_msgs/install/sentry_msgs/include/sentry_msgs/sentry_msgs/msg/detail/shoot_data__type_support.h
-- Installing: /home/nuc1/contact/sentry_msgs/install/sentry_msgs/include/sentry_msgs/sentry_msgs/msg/detail/robot_buff__functions.c
-- Installing: /home/nuc1/contact/sentry_msgs/install/sentry_msgs/include/sentry_msgs/sentry_msgs/msg/detail/robot_hp__type_support.h
-- Installing: /home/nuc1/contact/sentry_msgs/install/sentry_msgs/include/sentry_msgs/sentry_msgs/msg/detail/dual_loop_pid__type_support.h
-- Installing: /home/nuc1/contact/sentry_msgs/install/sentry_msgs/include/sentry_msgs/sentry_msgs/msg/detail/client_command__functions.c
-- Installing: /home/nuc1/contact/sentry_msgs/install/sentry_msgs/include/sentry_msgs/sentry_msgs/msg/detail/game_status__functions.c
-- Installing: /home/nuc1/contact/sentry_msgs/install/sentry_msgs/include/sentry_msgs/sentry_msgs/msg/detail/auto_aim__functions.c
-- Installing: /home/nuc1/contact/sentry_msgs/install/sentry_msgs/include/sentry_msgs/sentry_msgs/msg/detail/dr16_receiver__functions.c
-- Installing: /home/nuc1/contact/sentry_msgs/install/sentry_msgs/include/sentry_msgs/sentry_msgs/msg/detail/robot_status__functions.h
-- Installing: /home/nuc1/contact/sentry_msgs/install/sentry_msgs/include/sentry_msgs/sentry_msgs/msg/detail/game_status__type_support.h
-- Installing: /home/nuc1/contact/sentry_msgs/install/sentry_msgs/include/sentry_msgs/sentry_msgs/msg/detail/field_events__functions.h
-- Installing: /home/nuc1/contact/sentry_msgs/install/sentry_msgs/include/sentry_msgs/sentry_msgs/msg/detail/dual_loop_pid__struct.h
-- Installing: /home/nuc1/contact/sentry_msgs/install/sentry_msgs/include/sentry_msgs/sentry_msgs/msg/detail/bullet_remaining__functions.h
-- Installing: /home/nuc1/contact/sentry_msgs/install/sentry_msgs/include/sentry_msgs/sentry_msgs/msg/detail/bullet_remaining__struct.h
-- Installing: /home/nuc1/contact/sentry_msgs/install/sentry_msgs/include/sentry_msgs/sentry_msgs/msg/detail/client_command__struct.h
-- Installing: /home/nuc1/contact/sentry_msgs/install/sentry_msgs/include/sentry_msgs/sentry_msgs/msg/detail/client_command__type_support.h
-- Installing: /home/nuc1/contact/sentry_msgs/install/sentry_msgs/include/sentry_msgs/sentry_msgs/msg/detail/auto_aim__functions.h
-- Installing: /home/nuc1/contact/sentry_msgs/install/sentry_msgs/include/sentry_msgs/sentry_msgs/msg/detail/robot_position__type_support.h
-- Installing: /home/nuc1/contact/sentry_msgs/install/sentry_msgs/include/sentry_msgs/sentry_msgs/msg/detail/robot_buff__struct.h
-- Installing: /home/nuc1/contact/sentry_msgs/install/sentry_msgs/include/sentry_msgs/sentry_msgs/msg/detail/dual_loop_pid__functions.h
-- Installing: /home/nuc1/contact/sentry_msgs/install/sentry_msgs/include/sentry_msgs/sentry_msgs/msg/detail/robot_hp__struct.h
-- Installing: /home/nuc1/contact/sentry_msgs/install/sentry_msgs/include/sentry_msgs/sentry_msgs/msg/detail/field_events__type_support.h
-- Installing: /home/nuc1/contact/sentry_msgs/install/sentry_msgs/include/sentry_msgs/sentry_msgs/msg/detail/field_events__struct.h
-- Installing: /home/nuc1/contact/sentry_msgs/install/sentry_msgs/include/sentry_msgs/sentry_msgs/msg/detail/game_result__struct.h
-- Installing: /home/nuc1/contact/sentry_msgs/install/sentry_msgs/include/sentry_msgs/sentry_msgs/msg/detail/client_receive__functions.c
-- Installing: /home/nuc1/contact/sentry_msgs/install/sentry_msgs/include/sentry_msgs/sentry_msgs/msg/detail/robot_position__struct.h
-- Installing: /home/nuc1/contact/sentry_msgs/install/sentry_msgs/include/sentry_msgs/sentry_msgs/msg/detail/dual_loop_pid_with_filter__functions.h
-- Installing: /home/nuc1/contact/sentry_msgs/install/sentry_msgs/include/sentry_msgs/sentry_msgs/msg/detail/bullet_remaining__type_support.h
-- Installing: /home/nuc1/contact/sentry_msgs/install/sentry_msgs/include/sentry_msgs/sentry_msgs/msg/detail/shoot_data__functions.h
-- Installing: /home/nuc1/contact/sentry_msgs/install/sentry_msgs/include/sentry_msgs/sentry_msgs/msg/detail/field_events__functions.c
-- Installing: /home/nuc1/contact/sentry_msgs/install/sentry_msgs/include/sentry_msgs/sentry_msgs/msg/detail/robot_status__struct.h
-- Installing: /home/nuc1/contact/sentry_msgs/install/sentry_msgs/include/sentry_msgs/sentry_msgs/msg/detail/shoot_data__struct.h
-- Installing: /home/nuc1/contact/sentry_msgs/install/sentry_msgs/include/sentry_msgs/sentry_msgs/msg/detail/auto_aim__type_support.h
-- Installing: /home/nuc1/contact/sentry_msgs/install/sentry_msgs/include/sentry_msgs/sentry_msgs/msg/detail/auto_aim__struct.h
-- Installing: /home/nuc1/contact/sentry_msgs/install/sentry_msgs/include/sentry_msgs/sentry_msgs/msg/detail/robot_position__functions.c
-- Installing: /home/nuc1/contact/sentry_msgs/install/sentry_msgs/include/sentry_msgs/sentry_msgs/msg/detail/game_result__functions.c
-- Installing: /home/nuc1/contact/sentry_msgs/install/sentry_msgs/include/sentry_msgs/sentry_msgs/msg/detail/dual_loop_pid_with_filter__struct.h
-- Installing: /home/nuc1/contact/sentry_msgs/install/sentry_msgs/include/sentry_msgs/sentry_msgs/msg/detail/robot_position__functions.h
-- Installing: /home/nuc1/contact/sentry_msgs/install/sentry_msgs/include/sentry_msgs/sentry_msgs/msg/detail/client_command__functions.h
-- Installing: /home/nuc1/contact/sentry_msgs/install/sentry_msgs/include/sentry_msgs/sentry_msgs/msg/detail/bullet_remaining__functions.c
-- Installing: /home/nuc1/contact/sentry_msgs/install/sentry_msgs/include/sentry_msgs/sentry_msgs/msg/detail/client_receive__struct.h
-- Installing: /home/nuc1/contact/sentry_msgs/install/sentry_msgs/include/sentry_msgs/sentry_msgs/msg/detail/game_result__functions.h
-- Installing: /home/nuc1/contact/sentry_msgs/install/sentry_msgs/include/sentry_msgs/sentry_msgs/msg/detail/dual_loop_pid_with_filter__type_support.h
-- Installing: /home/nuc1/contact/sentry_msgs/install/sentry_msgs/include/sentry_msgs/sentry_msgs/msg/detail/dual_loop_pid_with_filter__functions.c
-- Installing: /home/nuc1/contact/sentry_msgs/install/sentry_msgs/include/sentry_msgs/sentry_msgs/msg/detail/robot_buff__type_support.h
-- Installing: /home/nuc1/contact/sentry_msgs/install/sentry_msgs/include/sentry_msgs/sentry_msgs/msg/detail/robot_status__type_support.h
-- Installing: /home/nuc1/contact/sentry_msgs/install/sentry_msgs/include/sentry_msgs/sentry_msgs/msg/detail/game_result__type_support.h
-- Installing: /home/nuc1/contact/sentry_msgs/install/sentry_msgs/include/sentry_msgs/sentry_msgs/msg/detail/robot_hp__functions.c
-- Installing: /home/nuc1/contact/sentry_msgs/install/sentry_msgs/include/sentry_msgs/sentry_msgs/msg/dr16_receiver.h
-- Installing: /home/nuc1/contact/sentry_msgs/install/sentry_msgs/share/sentry_msgs/environment/library_path.sh
-- Installing: /home/nuc1/contact/sentry_msgs/install/sentry_msgs/share/sentry_msgs/environment/library_path.dsv
-- Installing: /home/nuc1/contact/sentry_msgs/install/sentry_msgs/lib/libsentry_msgs__rosidl_generator_c.so
-- Set runtime path of "/home/nuc1/contact/sentry_msgs/install/sentry_msgs/lib/libsentry_msgs__rosidl_generator_c.so" to ""
-- Up-to-date: /home/nuc1/contact/sentry_msgs/install/sentry_msgs/include/sentry_msgs/sentry_msgs
-- Up-to-date: /home/nuc1/contact/sentry_msgs/install/sentry_msgs/include/sentry_msgs/sentry_msgs/srv
-- Up-to-date: /home/nuc1/contact/sentry_msgs/install/sentry_msgs/include/sentry_msgs/sentry_msgs/srv/detail
-- Installing: /home/nuc1/contact/sentry_msgs/install/sentry_msgs/include/sentry_msgs/sentry_msgs/srv/detail/reset_motor_position__rosidl_typesupport_fastrtps_c.h
-- Installing: /home/nuc1/contact/sentry_msgs/install/sentry_msgs/include/sentry_msgs/sentry_msgs/srv/detail/vision_mode_switch__rosidl_typesupport_fastrtps_c.h
-- Up-to-date: /home/nuc1/contact/sentry_msgs/install/sentry_msgs/include/sentry_msgs/sentry_msgs/msg
-- Installing: /home/nuc1/contact/sentry_msgs/install/sentry_msgs/include/sentry_msgs/sentry_msgs/msg/rosidl_typesupport_fastrtps_c__visibility_control.h
-- Up-to-date: /home/nuc1/contact/sentry_msgs/install/sentry_msgs/include/sentry_msgs/sentry_msgs/msg/detail
-- Installing: /home/nuc1/contact/sentry_msgs/install/sentry_msgs/include/sentry_msgs/sentry_msgs/msg/detail/client_receive__rosidl_typesupport_fastrtps_c.h
-- Installing: /home/nuc1/contact/sentry_msgs/install/sentry_msgs/include/sentry_msgs/sentry_msgs/msg/detail/robot_hp__rosidl_typesupport_fastrtps_c.h
-- Installing: /home/nuc1/contact/sentry_msgs/install/sentry_msgs/include/sentry_msgs/sentry_msgs/msg/detail/field_events__rosidl_typesupport_fastrtps_c.h
-- Installing: /home/nuc1/contact/sentry_msgs/install/sentry_msgs/include/sentry_msgs/sentry_msgs/msg/detail/auto_aim__rosidl_typesupport_fastrtps_c.h
-- Installing: /home/nuc1/contact/sentry_msgs/install/sentry_msgs/include/sentry_msgs/sentry_msgs/msg/detail/robot_buff__rosidl_typesupport_fastrtps_c.h
-- Installing: /home/nuc1/contact/sentry_msgs/install/sentry_msgs/include/sentry_msgs/sentry_msgs/msg/detail/game_result__rosidl_typesupport_fastrtps_c.h
-- Installing: /home/nuc1/contact/sentry_msgs/install/sentry_msgs/include/sentry_msgs/sentry_msgs/msg/detail/game_status__rosidl_typesupport_fastrtps_c.h
-- Installing: /home/nuc1/contact/sentry_msgs/install/sentry_msgs/include/sentry_msgs/sentry_msgs/msg/detail/dr16_receiver__rosidl_typesupport_fastrtps_c.h
-- Installing: /home/nuc1/contact/sentry_msgs/install/sentry_msgs/include/sentry_msgs/sentry_msgs/msg/detail/robot_position__rosidl_typesupport_fastrtps_c.h
-- Installing: /home/nuc1/contact/sentry_msgs/install/sentry_msgs/include/sentry_msgs/sentry_msgs/msg/detail/bullet_remaining__rosidl_typesupport_fastrtps_c.h
-- Installing: /home/nuc1/contact/sentry_msgs/install/sentry_msgs/include/sentry_msgs/sentry_msgs/msg/detail/dual_loop_pid_with_filter__rosidl_typesupport_fastrtps_c.h
-- Installing: /home/nuc1/contact/sentry_msgs/install/sentry_msgs/include/sentry_msgs/sentry_msgs/msg/detail/client_command__rosidl_typesupport_fastrtps_c.h
-- Installing: /home/nuc1/contact/sentry_msgs/install/sentry_msgs/include/sentry_msgs/sentry_msgs/msg/detail/robot_status__rosidl_typesupport_fastrtps_c.h
-- Installing: /home/nuc1/contact/sentry_msgs/install/sentry_msgs/include/sentry_msgs/sentry_msgs/msg/detail/shoot_data__rosidl_typesupport_fastrtps_c.h
-- Installing: /home/nuc1/contact/sentry_msgs/install/sentry_msgs/include/sentry_msgs/sentry_msgs/msg/detail/dual_loop_pid__rosidl_typesupport_fastrtps_c.h
-- Installing: /home/nuc1/contact/sentry_msgs/install/sentry_msgs/lib/libsentry_msgs__rosidl_typesupport_fastrtps_c.so
-- Set runtime path of "/home/nuc1/contact/sentry_msgs/install/sentry_msgs/lib/libsentry_msgs__rosidl_typesupport_fastrtps_c.so" to ""
-- Up-to-date: /home/nuc1/contact/sentry_msgs/install/sentry_msgs/include/sentry_msgs/sentry_msgs
-- Up-to-date: /home/nuc1/contact/sentry_msgs/install/sentry_msgs/include/sentry_msgs/sentry_msgs/srv
-- Installing: /home/nuc1/contact/sentry_msgs/install/sentry_msgs/include/sentry_msgs/sentry_msgs/srv/vision_mode_switch.hpp
-- Installing: /home/nuc1/contact/sentry_msgs/install/sentry_msgs/include/sentry_msgs/sentry_msgs/srv/reset_motor_position.hpp
-- Up-to-date: /home/nuc1/contact/sentry_msgs/install/sentry_msgs/include/sentry_msgs/sentry_msgs/srv/detail
-- Installing: /home/nuc1/contact/sentry_msgs/install/sentry_msgs/include/sentry_msgs/sentry_msgs/srv/detail/reset_motor_position__struct.hpp
-- Installing: /home/nuc1/contact/sentry_msgs/install/sentry_msgs/include/sentry_msgs/sentry_msgs/srv/detail/reset_motor_position__builder.hpp
-- Installing: /home/nuc1/contact/sentry_msgs/install/sentry_msgs/include/sentry_msgs/sentry_msgs/srv/detail/vision_mode_switch__traits.hpp
-- Installing: /home/nuc1/contact/sentry_msgs/install/sentry_msgs/include/sentry_msgs/sentry_msgs/srv/detail/vision_mode_switch__builder.hpp
-- Installing: /home/nuc1/contact/sentry_msgs/install/sentry_msgs/include/sentry_msgs/sentry_msgs/srv/detail/reset_motor_position__traits.hpp
-- Installing: /home/nuc1/contact/sentry_msgs/install/sentry_msgs/include/sentry_msgs/sentry_msgs/srv/detail/vision_mode_switch__struct.hpp
-- Up-to-date: /home/nuc1/contact/sentry_msgs/install/sentry_msgs/include/sentry_msgs/sentry_msgs/msg
-- Installing: /home/nuc1/contact/sentry_msgs/install/sentry_msgs/include/sentry_msgs/sentry_msgs/msg/bullet_remaining.hpp
-- Installing: /home/nuc1/contact/sentry_msgs/install/sentry_msgs/include/sentry_msgs/sentry_msgs/msg/robot_position.hpp
-- Installing: /home/nuc1/contact/sentry_msgs/install/sentry_msgs/include/sentry_msgs/sentry_msgs/msg/dual_loop_pid.hpp
-- Installing: /home/nuc1/contact/sentry_msgs/install/sentry_msgs/include/sentry_msgs/sentry_msgs/msg/dr16_receiver.hpp
-- Installing: /home/nuc1/contact/sentry_msgs/install/sentry_msgs/include/sentry_msgs/sentry_msgs/msg/shoot_data.hpp
-- Installing: /home/nuc1/contact/sentry_msgs/install/sentry_msgs/include/sentry_msgs/sentry_msgs/msg/game_result.hpp
-- Installing: /home/nuc1/contact/sentry_msgs/install/sentry_msgs/include/sentry_msgs/sentry_msgs/msg/client_command.hpp
-- Installing: /home/nuc1/contact/sentry_msgs/install/sentry_msgs/include/sentry_msgs/sentry_msgs/msg/field_events.hpp
-- Installing: /home/nuc1/contact/sentry_msgs/install/sentry_msgs/include/sentry_msgs/sentry_msgs/msg/game_status.hpp
-- Installing: /home/nuc1/contact/sentry_msgs/install/sentry_msgs/include/sentry_msgs/sentry_msgs/msg/robot_hp.hpp
-- Installing: /home/nuc1/contact/sentry_msgs/install/sentry_msgs/include/sentry_msgs/sentry_msgs/msg/robot_buff.hpp
-- Installing: /home/nuc1/contact/sentry_msgs/install/sentry_msgs/include/sentry_msgs/sentry_msgs/msg/robot_status.hpp
-- Installing: /home/nuc1/contact/sentry_msgs/install/sentry_msgs/include/sentry_msgs/sentry_msgs/msg/auto_aim.hpp
-- Installing: /home/nuc1/contact/sentry_msgs/install/sentry_msgs/include/sentry_msgs/sentry_msgs/msg/dual_loop_pid_with_filter.hpp
-- Up-to-date: /home/nuc1/contact/sentry_msgs/install/sentry_msgs/include/sentry_msgs/sentry_msgs/msg/detail
-- Installing: /home/nuc1/contact/sentry_msgs/install/sentry_msgs/include/sentry_msgs/sentry_msgs/msg/detail/game_result__struct.hpp
-- Installing: /home/nuc1/contact/sentry_msgs/install/sentry_msgs/include/sentry_msgs/sentry_msgs/msg/detail/dual_loop_pid_with_filter__struct.hpp
-- Installing: /home/nuc1/contact/sentry_msgs/install/sentry_msgs/include/sentry_msgs/sentry_msgs/msg/detail/robot_hp__struct.hpp
-- Installing: /home/nuc1/contact/sentry_msgs/install/sentry_msgs/include/sentry_msgs/sentry_msgs/msg/detail/auto_aim__struct.hpp
-- Installing: /home/nuc1/contact/sentry_msgs/install/sentry_msgs/include/sentry_msgs/sentry_msgs/msg/detail/client_command__traits.hpp
-- Installing: /home/nuc1/contact/sentry_msgs/install/sentry_msgs/include/sentry_msgs/sentry_msgs/msg/detail/dr16_receiver__struct.hpp
-- Installing: /home/nuc1/contact/sentry_msgs/install/sentry_msgs/include/sentry_msgs/sentry_msgs/msg/detail/robot_buff__struct.hpp
-- Installing: /home/nuc1/contact/sentry_msgs/install/sentry_msgs/include/sentry_msgs/sentry_msgs/msg/detail/robot_buff__traits.hpp
-- Installing: /home/nuc1/contact/sentry_msgs/install/sentry_msgs/include/sentry_msgs/sentry_msgs/msg/detail/robot_status__struct.hpp
-- Installing: /home/nuc1/contact/sentry_msgs/install/sentry_msgs/include/sentry_msgs/sentry_msgs/msg/detail/robot_hp__traits.hpp
-- Installing: /home/nuc1/contact/sentry_msgs/install/sentry_msgs/include/sentry_msgs/sentry_msgs/msg/detail/game_result__builder.hpp
-- Installing: /home/nuc1/contact/sentry_msgs/install/sentry_msgs/include/sentry_msgs/sentry_msgs/msg/detail/dual_loop_pid__builder.hpp
-- Installing: /home/nuc1/contact/sentry_msgs/install/sentry_msgs/include/sentry_msgs/sentry_msgs/msg/detail/client_command__struct.hpp
-- Installing: /home/nuc1/contact/sentry_msgs/install/sentry_msgs/include/sentry_msgs/sentry_msgs/msg/detail/robot_position__struct.hpp
-- Installing: /home/nuc1/contact/sentry_msgs/install/sentry_msgs/include/sentry_msgs/sentry_msgs/msg/detail/field_events__builder.hpp
-- Installing: /home/nuc1/contact/sentry_msgs/install/sentry_msgs/include/sentry_msgs/sentry_msgs/msg/detail/shoot_data__struct.hpp
-- Installing: /home/nuc1/contact/sentry_msgs/install/sentry_msgs/include/sentry_msgs/sentry_msgs/msg/detail/client_receive__builder.hpp
-- Installing: /home/nuc1/contact/sentry_msgs/install/sentry_msgs/include/sentry_msgs/sentry_msgs/msg/detail/dr16_receiver__builder.hpp
-- Installing: /home/nuc1/contact/sentry_msgs/install/sentry_msgs/include/sentry_msgs/sentry_msgs/msg/detail/shoot_data__builder.hpp
-- Installing: /home/nuc1/contact/sentry_msgs/install/sentry_msgs/include/sentry_msgs/sentry_msgs/msg/detail/field_events__struct.hpp
-- Installing: /home/nuc1/contact/sentry_msgs/install/sentry_msgs/include/sentry_msgs/sentry_msgs/msg/detail/auto_aim__builder.hpp
-- Installing: /home/nuc1/contact/sentry_msgs/install/sentry_msgs/include/sentry_msgs/sentry_msgs/msg/detail/dual_loop_pid__traits.hpp
-- Installing: /home/nuc1/contact/sentry_msgs/install/sentry_msgs/include/sentry_msgs/sentry_msgs/msg/detail/dual_loop_pid_with_filter__builder.hpp
-- Installing: /home/nuc1/contact/sentry_msgs/install/sentry_msgs/include/sentry_msgs/sentry_msgs/msg/detail/client_command__builder.hpp
-- Installing: /home/nuc1/contact/sentry_msgs/install/sentry_msgs/include/sentry_msgs/sentry_msgs/msg/detail/robot_position__traits.hpp
-- Installing: /home/nuc1/contact/sentry_msgs/install/sentry_msgs/include/sentry_msgs/sentry_msgs/msg/detail/client_receive__traits.hpp
-- Installing: /home/nuc1/contact/sentry_msgs/install/sentry_msgs/include/sentry_msgs/sentry_msgs/msg/detail/robot_position__builder.hpp
-- Installing: /home/nuc1/contact/sentry_msgs/install/sentry_msgs/include/sentry_msgs/sentry_msgs/msg/detail/robot_buff__builder.hpp
-- Installing: /home/nuc1/contact/sentry_msgs/install/sentry_msgs/include/sentry_msgs/sentry_msgs/msg/detail/game_status__struct.hpp
-- Installing: /home/nuc1/contact/sentry_msgs/install/sentry_msgs/include/sentry_msgs/sentry_msgs/msg/detail/bullet_remaining__struct.hpp
-- Installing: /home/nuc1/contact/sentry_msgs/install/sentry_msgs/include/sentry_msgs/sentry_msgs/msg/detail/game_result__traits.hpp
-- Installing: /home/nuc1/contact/sentry_msgs/install/sentry_msgs/include/sentry_msgs/sentry_msgs/msg/detail/robot_status__traits.hpp
-- Installing: /home/nuc1/contact/sentry_msgs/install/sentry_msgs/include/sentry_msgs/sentry_msgs/msg/detail/robot_hp__builder.hpp
-- Installing: /home/nuc1/contact/sentry_msgs/install/sentry_msgs/include/sentry_msgs/sentry_msgs/msg/detail/dual_loop_pid_with_filter__traits.hpp
-- Installing: /home/nuc1/contact/sentry_msgs/install/sentry_msgs/include/sentry_msgs/sentry_msgs/msg/detail/shoot_data__traits.hpp
-- Installing: /home/nuc1/contact/sentry_msgs/install/sentry_msgs/include/sentry_msgs/sentry_msgs/msg/detail/bullet_remaining__builder.hpp
-- Installing: /home/nuc1/contact/sentry_msgs/install/sentry_msgs/include/sentry_msgs/sentry_msgs/msg/detail/game_status__traits.hpp
-- Installing: /home/nuc1/contact/sentry_msgs/install/sentry_msgs/include/sentry_msgs/sentry_msgs/msg/detail/bullet_remaining__traits.hpp
-- Installing: /home/nuc1/contact/sentry_msgs/install/sentry_msgs/include/sentry_msgs/sentry_msgs/msg/detail/game_status__builder.hpp
-- Installing: /home/nuc1/contact/sentry_msgs/install/sentry_msgs/include/sentry_msgs/sentry_msgs/msg/detail/dr16_receiver__traits.hpp
-- Installing: /home/nuc1/contact/sentry_msgs/install/sentry_msgs/include/sentry_msgs/sentry_msgs/msg/detail/field_events__traits.hpp
-- Installing: /home/nuc1/contact/sentry_msgs/install/sentry_msgs/include/sentry_msgs/sentry_msgs/msg/detail/robot_status__builder.hpp
-- Installing: /home/nuc1/contact/sentry_msgs/install/sentry_msgs/include/sentry_msgs/sentry_msgs/msg/detail/client_receive__struct.hpp
-- Installing: /home/nuc1/contact/sentry_msgs/install/sentry_msgs/include/sentry_msgs/sentry_msgs/msg/detail/auto_aim__traits.hpp
-- Installing: /home/nuc1/contact/sentry_msgs/install/sentry_msgs/include/sentry_msgs/sentry_msgs/msg/detail/dual_loop_pid__struct.hpp
-- Installing: /home/nuc1/contact/sentry_msgs/install/sentry_msgs/include/sentry_msgs/sentry_msgs/msg/client_receive.hpp
-- Up-to-date: /home/nuc1/contact/sentry_msgs/install/sentry_msgs/include/sentry_msgs/sentry_msgs
-- Up-to-date: /home/nuc1/contact/sentry_msgs/install/sentry_msgs/include/sentry_msgs/sentry_msgs/srv
-- Up-to-date: /home/nuc1/contact/sentry_msgs/install/sentry_msgs/include/sentry_msgs/sentry_msgs/srv/detail
-- Installing: /home/nuc1/contact/sentry_msgs/install/sentry_msgs/include/sentry_msgs/sentry_msgs/srv/detail/reset_motor_position__rosidl_typesupport_fastrtps_cpp.hpp
-- Installing: /home/nuc1/contact/sentry_msgs/install/sentry_msgs/include/sentry_msgs/sentry_msgs/srv/detail/vision_mode_switch__rosidl_typesupport_fastrtps_cpp.hpp
-- Installing: /home/nuc1/contact/sentry_msgs/install/sentry_msgs/include/sentry_msgs/sentry_msgs/srv/detail/dds_fastrtps
-- Up-to-date: /home/nuc1/contact/sentry_msgs/install/sentry_msgs/include/sentry_msgs/sentry_msgs/msg
-- Up-to-date: /home/nuc1/contact/sentry_msgs/install/sentry_msgs/include/sentry_msgs/sentry_msgs/msg/detail
-- Installing: /home/nuc1/contact/sentry_msgs/install/sentry_msgs/include/sentry_msgs/sentry_msgs/msg/detail/dual_loop_pid__rosidl_typesupport_fastrtps_cpp.hpp
-- Installing: /home/nuc1/contact/sentry_msgs/install/sentry_msgs/include/sentry_msgs/sentry_msgs/msg/detail/game_status__rosidl_typesupport_fastrtps_cpp.hpp
-- Installing: /home/nuc1/contact/sentry_msgs/install/sentry_msgs/include/sentry_msgs/sentry_msgs/msg/detail/robot_position__rosidl_typesupport_fastrtps_cpp.hpp
-- Installing: /home/nuc1/contact/sentry_msgs/install/sentry_msgs/include/sentry_msgs/sentry_msgs/msg/detail/robot_buff__rosidl_typesupport_fastrtps_cpp.hpp
-- Installing: /home/nuc1/contact/sentry_msgs/install/sentry_msgs/include/sentry_msgs/sentry_msgs/msg/detail/shoot_data__rosidl_typesupport_fastrtps_cpp.hpp
-- Installing: /home/nuc1/contact/sentry_msgs/install/sentry_msgs/include/sentry_msgs/sentry_msgs/msg/detail/auto_aim__rosidl_typesupport_fastrtps_cpp.hpp
-- Installing: /home/nuc1/contact/sentry_msgs/install/sentry_msgs/include/sentry_msgs/sentry_msgs/msg/detail/client_receive__rosidl_typesupport_fastrtps_cpp.hpp
-- Installing: /home/nuc1/contact/sentry_msgs/install/sentry_msgs/include/sentry_msgs/sentry_msgs/msg/detail/client_command__rosidl_typesupport_fastrtps_cpp.hpp
-- Installing: /home/nuc1/contact/sentry_msgs/install/sentry_msgs/include/sentry_msgs/sentry_msgs/msg/detail/bullet_remaining__rosidl_typesupport_fastrtps_cpp.hpp
-- Installing: /home/nuc1/contact/sentry_msgs/install/sentry_msgs/include/sentry_msgs/sentry_msgs/msg/detail/dual_loop_pid_with_filter__rosidl_typesupport_fastrtps_cpp.hpp
-- Installing: /home/nuc1/contact/sentry_msgs/install/sentry_msgs/include/sentry_msgs/sentry_msgs/msg/detail/dr16_receiver__rosidl_typesupport_fastrtps_cpp.hpp
-- Installing: /home/nuc1/contact/sentry_msgs/install/sentry_msgs/include/sentry_msgs/sentry_msgs/msg/detail/game_result__rosidl_typesupport_fastrtps_cpp.hpp
-- Installing: /home/nuc1/contact/sentry_msgs/install/sentry_msgs/include/sentry_msgs/sentry_msgs/msg/detail/robot_hp__rosidl_typesupport_fastrtps_cpp.hpp
-- Installing: /home/nuc1/contact/sentry_msgs/install/sentry_msgs/include/sentry_msgs/sentry_msgs/msg/detail/robot_status__rosidl_typesupport_fastrtps_cpp.hpp
-- Installing: /home/nuc1/contact/sentry_msgs/install/sentry_msgs/include/sentry_msgs/sentry_msgs/msg/detail/dds_fastrtps
-- Installing: /home/nuc1/contact/sentry_msgs/install/sentry_msgs/include/sentry_msgs/sentry_msgs/msg/detail/field_events__rosidl_typesupport_fastrtps_cpp.hpp
-- Installing: /home/nuc1/contact/sentry_msgs/install/sentry_msgs/include/sentry_msgs/sentry_msgs/msg/rosidl_typesupport_fastrtps_cpp__visibility_control.h
-- Installing: /home/nuc1/contact/sentry_msgs/install/sentry_msgs/lib/libsentry_msgs__rosidl_typesupport_fastrtps_cpp.so
-- Set runtime path of "/home/nuc1/contact/sentry_msgs/install/sentry_msgs/lib/libsentry_msgs__rosidl_typesupport_fastrtps_cpp.so" to ""
-- Up-to-date: /home/nuc1/contact/sentry_msgs/install/sentry_msgs/include/sentry_msgs/sentry_msgs
-- Up-to-date: /home/nuc1/contact/sentry_msgs/install/sentry_msgs/include/sentry_msgs/sentry_msgs/srv
-- Up-to-date: /home/nuc1/contact/sentry_msgs/install/sentry_msgs/include/sentry_msgs/sentry_msgs/srv/detail
-- Installing: /home/nuc1/contact/sentry_msgs/install/sentry_msgs/include/sentry_msgs/sentry_msgs/srv/detail/reset_motor_position__type_support.c
-- Installing: /home/nuc1/contact/sentry_msgs/install/sentry_msgs/include/sentry_msgs/sentry_msgs/srv/detail/vision_mode_switch__rosidl_typesupport_introspection_c.h
-- Installing: /home/nuc1/contact/sentry_msgs/install/sentry_msgs/include/sentry_msgs/sentry_msgs/srv/detail/reset_motor_position__rosidl_typesupport_introspection_c.h
-- Installing: /home/nuc1/contact/sentry_msgs/install/sentry_msgs/include/sentry_msgs/sentry_msgs/srv/detail/vision_mode_switch__type_support.c
-- Up-to-date: /home/nuc1/contact/sentry_msgs/install/sentry_msgs/include/sentry_msgs/sentry_msgs/msg
-- Installing: /home/nuc1/contact/sentry_msgs/install/sentry_msgs/include/sentry_msgs/sentry_msgs/msg/rosidl_typesupport_introspection_c__visibility_control.h
-- Up-to-date: /home/nuc1/contact/sentry_msgs/install/sentry_msgs/include/sentry_msgs/sentry_msgs/msg/detail
-- Installing: /home/nuc1/contact/sentry_msgs/install/sentry_msgs/include/sentry_msgs/sentry_msgs/msg/detail/robot_buff__type_support.c
-- Installing: /home/nuc1/contact/sentry_msgs/install/sentry_msgs/include/sentry_msgs/sentry_msgs/msg/detail/dr16_receiver__type_support.c
-- Installing: /home/nuc1/contact/sentry_msgs/install/sentry_msgs/include/sentry_msgs/sentry_msgs/msg/detail/game_status__type_support.c
-- Installing: /home/nuc1/contact/sentry_msgs/install/sentry_msgs/include/sentry_msgs/sentry_msgs/msg/detail/robot_hp__type_support.c
-- Installing: /home/nuc1/contact/sentry_msgs/install/sentry_msgs/include/sentry_msgs/sentry_msgs/msg/detail/shoot_data__type_support.c
-- Installing: /home/nuc1/contact/sentry_msgs/install/sentry_msgs/include/sentry_msgs/sentry_msgs/msg/detail/auto_aim__type_support.c
-- Installing: /home/nuc1/contact/sentry_msgs/install/sentry_msgs/include/sentry_msgs/sentry_msgs/msg/detail/field_events__type_support.c
-- Installing: /home/nuc1/contact/sentry_msgs/install/sentry_msgs/include/sentry_msgs/sentry_msgs/msg/detail/robot_status__type_support.c
-- Installing: /home/nuc1/contact/sentry_msgs/install/sentry_msgs/include/sentry_msgs/sentry_msgs/msg/detail/robot_position__rosidl_typesupport_introspection_c.h
-- Installing: /home/nuc1/contact/sentry_msgs/install/sentry_msgs/include/sentry_msgs/sentry_msgs/msg/detail/robot_hp__rosidl_typesupport_introspection_c.h
-- Installing: /home/nuc1/contact/sentry_msgs/install/sentry_msgs/include/sentry_msgs/sentry_msgs/msg/detail/bullet_remaining__rosidl_typesupport_introspection_c.h
-- Installing: /home/nuc1/contact/sentry_msgs/install/sentry_msgs/include/sentry_msgs/sentry_msgs/msg/detail/game_status__rosidl_typesupport_introspection_c.h
-- Installing: /home/nuc1/contact/sentry_msgs/install/sentry_msgs/include/sentry_msgs/sentry_msgs/msg/detail/client_receive__rosidl_typesupport_introspection_c.h
-- Installing: /home/nuc1/contact/sentry_msgs/install/sentry_msgs/include/sentry_msgs/sentry_msgs/msg/detail/dual_loop_pid_with_filter__type_support.c
-- Installing: /home/nuc1/contact/sentry_msgs/install/sentry_msgs/include/sentry_msgs/sentry_msgs/msg/detail/dual_loop_pid__rosidl_typesupport_introspection_c.h
-- Installing: /home/nuc1/contact/sentry_msgs/install/sentry_msgs/include/sentry_msgs/sentry_msgs/msg/detail/shoot_data__rosidl_typesupport_introspection_c.h
-- Installing: /home/nuc1/contact/sentry_msgs/install/sentry_msgs/include/sentry_msgs/sentry_msgs/msg/detail/field_events__rosidl_typesupport_introspection_c.h
-- Installing: /home/nuc1/contact/sentry_msgs/install/sentry_msgs/include/sentry_msgs/sentry_msgs/msg/detail/client_command__rosidl_typesupport_introspection_c.h
-- Installing: /home/nuc1/contact/sentry_msgs/install/sentry_msgs/include/sentry_msgs/sentry_msgs/msg/detail/game_result__rosidl_typesupport_introspection_c.h
-- Installing: /home/nuc1/contact/sentry_msgs/install/sentry_msgs/include/sentry_msgs/sentry_msgs/msg/detail/robot_position__type_support.c
-- Installing: /home/nuc1/contact/sentry_msgs/install/sentry_msgs/include/sentry_msgs/sentry_msgs/msg/detail/robot_status__rosidl_typesupport_introspection_c.h
-- Installing: /home/nuc1/contact/sentry_msgs/install/sentry_msgs/include/sentry_msgs/sentry_msgs/msg/detail/client_receive__type_support.c
-- Installing: /home/nuc1/contact/sentry_msgs/install/sentry_msgs/include/sentry_msgs/sentry_msgs/msg/detail/dual_loop_pid__type_support.c
-- Installing: /home/nuc1/contact/sentry_msgs/install/sentry_msgs/include/sentry_msgs/sentry_msgs/msg/detail/robot_buff__rosidl_typesupport_introspection_c.h
-- Installing: /home/nuc1/contact/sentry_msgs/install/sentry_msgs/include/sentry_msgs/sentry_msgs/msg/detail/game_result__type_support.c
-- Installing: /home/nuc1/contact/sentry_msgs/install/sentry_msgs/include/sentry_msgs/sentry_msgs/msg/detail/auto_aim__rosidl_typesupport_introspection_c.h
-- Installing: /home/nuc1/contact/sentry_msgs/install/sentry_msgs/include/sentry_msgs/sentry_msgs/msg/detail/dual_loop_pid_with_filter__rosidl_typesupport_introspection_c.h
-- Installing: /home/nuc1/contact/sentry_msgs/install/sentry_msgs/include/sentry_msgs/sentry_msgs/msg/detail/bullet_remaining__type_support.c
-- Installing: /home/nuc1/contact/sentry_msgs/install/sentry_msgs/include/sentry_msgs/sentry_msgs/msg/detail/client_command__type_support.c
-- Installing: /home/nuc1/contact/sentry_msgs/install/sentry_msgs/include/sentry_msgs/sentry_msgs/msg/detail/dr16_receiver__rosidl_typesupport_introspection_c.h
-- Installing: /home/nuc1/contact/sentry_msgs/install/sentry_msgs/lib/libsentry_msgs__rosidl_typesupport_introspection_c.so
-- Set runtime path of "/home/nuc1/contact/sentry_msgs/install/sentry_msgs/lib/libsentry_msgs__rosidl_typesupport_introspection_c.so" to ""
-- Installing: /home/nuc1/contact/sentry_msgs/install/sentry_msgs/lib/libsentry_msgs__rosidl_typesupport_c.so
-- Set runtime path of "/home/nuc1/contact/sentry_msgs/install/sentry_msgs/lib/libsentry_msgs__rosidl_typesupport_c.so" to ""
-- Up-to-date: /home/nuc1/contact/sentry_msgs/install/sentry_msgs/include/sentry_msgs/sentry_msgs
-- Up-to-date: /home/nuc1/contact/sentry_msgs/install/sentry_msgs/include/sentry_msgs/sentry_msgs/srv
-- Up-to-date: /home/nuc1/contact/sentry_msgs/install/sentry_msgs/include/sentry_msgs/sentry_msgs/srv/detail
-- Installing: /home/nuc1/contact/sentry_msgs/install/sentry_msgs/include/sentry_msgs/sentry_msgs/srv/detail/vision_mode_switch__rosidl_typesupport_introspection_cpp.hpp
-- Installing: /home/nuc1/contact/sentry_msgs/install/sentry_msgs/include/sentry_msgs/sentry_msgs/srv/detail/vision_mode_switch__type_support.cpp
-- Installing: /home/nuc1/contact/sentry_msgs/install/sentry_msgs/include/sentry_msgs/sentry_msgs/srv/detail/reset_motor_position__rosidl_typesupport_introspection_cpp.hpp
-- Installing: /home/nuc1/contact/sentry_msgs/install/sentry_msgs/include/sentry_msgs/sentry_msgs/srv/detail/reset_motor_position__type_support.cpp
-- Up-to-date: /home/nuc1/contact/sentry_msgs/install/sentry_msgs/include/sentry_msgs/sentry_msgs/msg
-- Up-to-date: /home/nuc1/contact/sentry_msgs/install/sentry_msgs/include/sentry_msgs/sentry_msgs/msg/detail
-- Installing: /home/nuc1/contact/sentry_msgs/install/sentry_msgs/include/sentry_msgs/sentry_msgs/msg/detail/robot_buff__rosidl_typesupport_introspection_cpp.hpp
-- Installing: /home/nuc1/contact/sentry_msgs/install/sentry_msgs/include/sentry_msgs/sentry_msgs/msg/detail/bullet_remaining__rosidl_typesupport_introspection_cpp.hpp
-- Installing: /home/nuc1/contact/sentry_msgs/install/sentry_msgs/include/sentry_msgs/sentry_msgs/msg/detail/robot_position__rosidl_typesupport_introspection_cpp.hpp
-- Installing: /home/nuc1/contact/sentry_msgs/install/sentry_msgs/include/sentry_msgs/sentry_msgs/msg/detail/dr16_receiver__rosidl_typesupport_introspection_cpp.hpp
-- Installing: /home/nuc1/contact/sentry_msgs/install/sentry_msgs/include/sentry_msgs/sentry_msgs/msg/detail/auto_aim__type_support.cpp
-- Installing: /home/nuc1/contact/sentry_msgs/install/sentry_msgs/include/sentry_msgs/sentry_msgs/msg/detail/dual_loop_pid__rosidl_typesupport_introspection_cpp.hpp
-- Installing: /home/nuc1/contact/sentry_msgs/install/sentry_msgs/include/sentry_msgs/sentry_msgs/msg/detail/robot_buff__type_support.cpp
-- Installing: /home/nuc1/contact/sentry_msgs/install/sentry_msgs/include/sentry_msgs/sentry_msgs/msg/detail/game_result__rosidl_typesupport_introspection_cpp.hpp
-- Installing: /home/nuc1/contact/sentry_msgs/install/sentry_msgs/include/sentry_msgs/sentry_msgs/msg/detail/client_receive__rosidl_typesupport_introspection_cpp.hpp
-- Installing: /home/nuc1/contact/sentry_msgs/install/sentry_msgs/include/sentry_msgs/sentry_msgs/msg/detail/dr16_receiver__type_support.cpp
-- Installing: /home/nuc1/contact/sentry_msgs/install/sentry_msgs/include/sentry_msgs/sentry_msgs/msg/detail/client_command__rosidl_typesupport_introspection_cpp.hpp
-- Installing: /home/nuc1/contact/sentry_msgs/install/sentry_msgs/include/sentry_msgs/sentry_msgs/msg/detail/game_result__type_support.cpp
-- Installing: /home/nuc1/contact/sentry_msgs/install/sentry_msgs/include/sentry_msgs/sentry_msgs/msg/detail/field_events__rosidl_typesupport_introspection_cpp.hpp
-- Installing: /home/nuc1/contact/sentry_msgs/install/sentry_msgs/include/sentry_msgs/sentry_msgs/msg/detail/game_status__rosidl_typesupport_introspection_cpp.hpp
-- Installing: /home/nuc1/contact/sentry_msgs/install/sentry_msgs/include/sentry_msgs/sentry_msgs/msg/detail/client_command__type_support.cpp
-- Installing: /home/nuc1/contact/sentry_msgs/install/sentry_msgs/include/sentry_msgs/sentry_msgs/msg/detail/robot_status__rosidl_typesupport_introspection_cpp.hpp
-- Installing: /home/nuc1/contact/sentry_msgs/install/sentry_msgs/include/sentry_msgs/sentry_msgs/msg/detail/auto_aim__rosidl_typesupport_introspection_cpp.hpp
-- Installing: /home/nuc1/contact/sentry_msgs/install/sentry_msgs/include/sentry_msgs/sentry_msgs/msg/detail/game_status__type_support.cpp
-- Installing: /home/nuc1/contact/sentry_msgs/install/sentry_msgs/include/sentry_msgs/sentry_msgs/msg/detail/dual_loop_pid_with_filter__rosidl_typesupport_introspection_cpp.hpp
-- Installing: /home/nuc1/contact/sentry_msgs/install/sentry_msgs/include/sentry_msgs/sentry_msgs/msg/detail/field_events__type_support.cpp
-- Installing: /home/nuc1/contact/sentry_msgs/install/sentry_msgs/include/sentry_msgs/sentry_msgs/msg/detail/shoot_data__type_support.cpp
-- Installing: /home/nuc1/contact/sentry_msgs/install/sentry_msgs/include/sentry_msgs/sentry_msgs/msg/detail/client_receive__type_support.cpp
-- Installing: /home/nuc1/contact/sentry_msgs/install/sentry_msgs/include/sentry_msgs/sentry_msgs/msg/detail/shoot_data__rosidl_typesupport_introspection_cpp.hpp
-- Installing: /home/nuc1/contact/sentry_msgs/install/sentry_msgs/include/sentry_msgs/sentry_msgs/msg/detail/dual_loop_pid__type_support.cpp
-- Installing: /home/nuc1/contact/sentry_msgs/install/sentry_msgs/include/sentry_msgs/sentry_msgs/msg/detail/bullet_remaining__type_support.cpp
-- Installing: /home/nuc1/contact/sentry_msgs/install/sentry_msgs/include/sentry_msgs/sentry_msgs/msg/detail/dual_loop_pid_with_filter__type_support.cpp
-- Installing: /home/nuc1/contact/sentry_msgs/install/sentry_msgs/include/sentry_msgs/sentry_msgs/msg/detail/robot_hp__type_support.cpp
-- Installing: /home/nuc1/contact/sentry_msgs/install/sentry_msgs/include/sentry_msgs/sentry_msgs/msg/detail/robot_status__type_support.cpp
-- Installing: /home/nuc1/contact/sentry_msgs/install/sentry_msgs/include/sentry_msgs/sentry_msgs/msg/detail/robot_position__type_support.cpp
-- Installing: /home/nuc1/contact/sentry_msgs/install/sentry_msgs/include/sentry_msgs/sentry_msgs/msg/detail/robot_hp__rosidl_typesupport_introspection_cpp.hpp
-- Installing: /home/nuc1/contact/sentry_msgs/install/sentry_msgs/lib/libsentry_msgs__rosidl_typesupport_introspection_cpp.so
-- Set runtime path of "/home/nuc1/contact/sentry_msgs/install/sentry_msgs/lib/libsentry_msgs__rosidl_typesupport_introspection_cpp.so" to ""
-- Installing: /home/nuc1/contact/sentry_msgs/install/sentry_msgs/lib/libsentry_msgs__rosidl_typesupport_cpp.so
-- Set runtime path of "/home/nuc1/contact/sentry_msgs/install/sentry_msgs/lib/libsentry_msgs__rosidl_typesupport_cpp.so" to ""
-- Installing: /home/nuc1/contact/sentry_msgs/install/sentry_msgs/share/sentry_msgs/environment/pythonpath.sh
-- Installing: /home/nuc1/contact/sentry_msgs/install/sentry_msgs/share/sentry_msgs/environment/pythonpath.dsv
-- Installing: /home/nuc1/contact/sentry_msgs/install/sentry_msgs/local/lib/python3.10/dist-packages/sentry_msgs-0.0.1-py3.10.egg-info
-- Installing: /home/nuc1/contact/sentry_msgs/install/sentry_msgs/local/lib/python3.10/dist-packages/sentry_msgs-0.0.1-py3.10.egg-info/top_level.txt
-- Installing: /home/nuc1/contact/sentry_msgs/install/sentry_msgs/local/lib/python3.10/dist-packages/sentry_msgs-0.0.1-py3.10.egg-info/PKG-INFO
-- Installing: /home/nuc1/contact/sentry_msgs/install/sentry_msgs/local/lib/python3.10/dist-packages/sentry_msgs-0.0.1-py3.10.egg-info/dependency_links.txt
-- Installing: /home/nuc1/contact/sentry_msgs/install/sentry_msgs/local/lib/python3.10/dist-packages/sentry_msgs-0.0.1-py3.10.egg-info/SOURCES.txt
-- Installing: /home/nuc1/contact/sentry_msgs/install/sentry_msgs/local/lib/python3.10/dist-packages/sentry_msgs
-- Installing: /home/nuc1/contact/sentry_msgs/install/sentry_msgs/local/lib/python3.10/dist-packages/sentry_msgs/sentry_msgs_s__rosidl_typesupport_introspection_c.cpython-310-x86_64-linux-gnu.so
-- Installing: /home/nuc1/contact/sentry_msgs/install/sentry_msgs/local/lib/python3.10/dist-packages/sentry_msgs/srv
-- Installing: /home/nuc1/contact/sentry_msgs/install/sentry_msgs/local/lib/python3.10/dist-packages/sentry_msgs/srv/__init__.py
-- Installing: /home/nuc1/contact/sentry_msgs/install/sentry_msgs/local/lib/python3.10/dist-packages/sentry_msgs/srv/_vision_mode_switch.py
-- Installing: /home/nuc1/contact/sentry_msgs/install/sentry_msgs/local/lib/python3.10/dist-packages/sentry_msgs/srv/_vision_mode_switch_s.c
-- Installing: /home/nuc1/contact/sentry_msgs/install/sentry_msgs/local/lib/python3.10/dist-packages/sentry_msgs/srv/_reset_motor_position_s.c
-- Installing: /home/nuc1/contact/sentry_msgs/install/sentry_msgs/local/lib/python3.10/dist-packages/sentry_msgs/srv/_reset_motor_position.py
-- Installing: /home/nuc1/contact/sentry_msgs/install/sentry_msgs/local/lib/python3.10/dist-packages/sentry_msgs/__init__.py
-- Installing: /home/nuc1/contact/sentry_msgs/install/sentry_msgs/local/lib/python3.10/dist-packages/sentry_msgs/msg
-- Installing: /home/nuc1/contact/sentry_msgs/install/sentry_msgs/local/lib/python3.10/dist-packages/sentry_msgs/msg/_auto_aim_s.c
-- Installing: /home/nuc1/contact/sentry_msgs/install/sentry_msgs/local/lib/python3.10/dist-packages/sentry_msgs/msg/_field_events_s.c
-- Installing: /home/nuc1/contact/sentry_msgs/install/sentry_msgs/local/lib/python3.10/dist-packages/sentry_msgs/msg/_bullet_remaining_s.c
-- Installing: /home/nuc1/contact/sentry_msgs/install/sentry_msgs/local/lib/python3.10/dist-packages/sentry_msgs/msg/_client_receive.py
-- Installing: /home/nuc1/contact/sentry_msgs/install/sentry_msgs/local/lib/python3.10/dist-packages/sentry_msgs/msg/_robot_buff.py
-- Installing: /home/nuc1/contact/sentry_msgs/install/sentry_msgs/local/lib/python3.10/dist-packages/sentry_msgs/msg/_dual_loop_pid_with_filter.py
-- Installing: /home/nuc1/contact/sentry_msgs/install/sentry_msgs/local/lib/python3.10/dist-packages/sentry_msgs/msg/__init__.py
-- Installing: /home/nuc1/contact/sentry_msgs/install/sentry_msgs/local/lib/python3.10/dist-packages/sentry_msgs/msg/_auto_aim.py
-- Installing: /home/nuc1/contact/sentry_msgs/install/sentry_msgs/local/lib/python3.10/dist-packages/sentry_msgs/msg/_dual_loop_pid.py
-- Installing: /home/nuc1/contact/sentry_msgs/install/sentry_msgs/local/lib/python3.10/dist-packages/sentry_msgs/msg/_dr16_receiver_s.c
-- Installing: /home/nuc1/contact/sentry_msgs/install/sentry_msgs/local/lib/python3.10/dist-packages/sentry_msgs/msg/_robot_hp_s.c
-- Installing: /home/nuc1/contact/sentry_msgs/install/sentry_msgs/local/lib/python3.10/dist-packages/sentry_msgs/msg/_field_events.py
-- Installing: /home/nuc1/contact/sentry_msgs/install/sentry_msgs/local/lib/python3.10/dist-packages/sentry_msgs/msg/_dual_loop_pid_s.c
-- Installing: /home/nuc1/contact/sentry_msgs/install/sentry_msgs/local/lib/python3.10/dist-packages/sentry_msgs/msg/_game_result_s.c
-- Installing: /home/nuc1/contact/sentry_msgs/install/sentry_msgs/local/lib/python3.10/dist-packages/sentry_msgs/msg/_game_status.py
-- Installing: /home/nuc1/contact/sentry_msgs/install/sentry_msgs/local/lib/python3.10/dist-packages/sentry_msgs/msg/_robot_status.py
-- Installing: /home/nuc1/contact/sentry_msgs/install/sentry_msgs/local/lib/python3.10/dist-packages/sentry_msgs/msg/_dr16_receiver.py
-- Installing: /home/nuc1/contact/sentry_msgs/install/sentry_msgs/local/lib/python3.10/dist-packages/sentry_msgs/msg/_robot_buff_s.c
-- Installing: /home/nuc1/contact/sentry_msgs/install/sentry_msgs/local/lib/python3.10/dist-packages/sentry_msgs/msg/_robot_position.py
-- Installing: /home/nuc1/contact/sentry_msgs/install/sentry_msgs/local/lib/python3.10/dist-packages/sentry_msgs/msg/_robot_position_s.c
-- Installing: /home/nuc1/contact/sentry_msgs/install/sentry_msgs/local/lib/python3.10/dist-packages/sentry_msgs/msg/_robot_status_s.c
-- Installing: /home/nuc1/contact/sentry_msgs/install/sentry_msgs/local/lib/python3.10/dist-packages/sentry_msgs/msg/_shoot_data_s.c
-- Installing: /home/nuc1/contact/sentry_msgs/install/sentry_msgs/local/lib/python3.10/dist-packages/sentry_msgs/msg/_client_receive_s.c
-- Installing: /home/nuc1/contact/sentry_msgs/install/sentry_msgs/local/lib/python3.10/dist-packages/sentry_msgs/msg/_robot_hp.py
-- Installing: /home/nuc1/contact/sentry_msgs/install/sentry_msgs/local/lib/python3.10/dist-packages/sentry_msgs/msg/_bullet_remaining.py
-- Installing: /home/nuc1/contact/sentry_msgs/install/sentry_msgs/local/lib/python3.10/dist-packages/sentry_msgs/msg/_shoot_data.py
-- Installing: /home/nuc1/contact/sentry_msgs/install/sentry_msgs/local/lib/python3.10/dist-packages/sentry_msgs/msg/_client_command_s.c
-- Installing: /home/nuc1/contact/sentry_msgs/install/sentry_msgs/local/lib/python3.10/dist-packages/sentry_msgs/msg/_dual_loop_pid_with_filter_s.c
-- Installing: /home/nuc1/contact/sentry_msgs/install/sentry_msgs/local/lib/python3.10/dist-packages/sentry_msgs/msg/_game_result.py
-- Installing: /home/nuc1/contact/sentry_msgs/install/sentry_msgs/local/lib/python3.10/dist-packages/sentry_msgs/msg/_client_command.py
-- Installing: /home/nuc1/contact/sentry_msgs/install/sentry_msgs/local/lib/python3.10/dist-packages/sentry_msgs/msg/_game_status_s.c
-- Installing: /home/nuc1/contact/sentry_msgs/install/sentry_msgs/local/lib/python3.10/dist-packages/sentry_msgs/_sentry_msgs_s.ep.rosidl_typesupport_c.c
-- Installing: /home/nuc1/contact/sentry_msgs/install/sentry_msgs/local/lib/python3.10/dist-packages/sentry_msgs/sentry_msgs_s__rosidl_typesupport_fastrtps_c.cpython-310-x86_64-linux-gnu.so
-- Installing: /home/nuc1/contact/sentry_msgs/install/sentry_msgs/local/lib/python3.10/dist-packages/sentry_msgs/_sentry_msgs_s.ep.rosidl_typesupport_fastrtps_c.c
-- Installing: /home/nuc1/contact/sentry_msgs/install/sentry_msgs/local/lib/python3.10/dist-packages/sentry_msgs/sentry_msgs_s__rosidl_typesupport_c.cpython-310-x86_64-linux-gnu.so
-- Installing: /home/nuc1/contact/sentry_msgs/install/sentry_msgs/local/lib/python3.10/dist-packages/sentry_msgs/_sentry_msgs_s.ep.rosidl_typesupport_introspection_c.c
-- Installing: /home/nuc1/contact/sentry_msgs/install/sentry_msgs/local/lib/python3.10/dist-packages/sentry_msgs/libsentry_msgs__rosidl_generator_py.so
Listing '/home/nuc1/contact/sentry_msgs/install/sentry_msgs/local/lib/python3.10/dist-packages/sentry_msgs'...
Compiling '/home/nuc1/contact/sentry_msgs/install/sentry_msgs/local/lib/python3.10/dist-packages/sentry_msgs/__init__.py'...
Listing '/home/nuc1/contact/sentry_msgs/install/sentry_msgs/local/lib/python3.10/dist-packages/sentry_msgs/msg'...
Compiling '/home/nuc1/contact/sentry_msgs/install/sentry_msgs/local/lib/python3.10/dist-packages/sentry_msgs/msg/__init__.py'...
Compiling '/home/nuc1/contact/sentry_msgs/install/sentry_msgs/local/lib/python3.10/dist-packages/sentry_msgs/msg/_auto_aim.py'...
Compiling '/home/nuc1/contact/sentry_msgs/install/sentry_msgs/local/lib/python3.10/dist-packages/sentry_msgs/msg/_bullet_remaining.py'...
Compiling '/home/nuc1/contact/sentry_msgs/install/sentry_msgs/local/lib/python3.10/dist-packages/sentry_msgs/msg/_client_command.py'...
Compiling '/home/nuc1/contact/sentry_msgs/install/sentry_msgs/local/lib/python3.10/dist-packages/sentry_msgs/msg/_client_receive.py'...
Compiling '/home/nuc1/contact/sentry_msgs/install/sentry_msgs/local/lib/python3.10/dist-packages/sentry_msgs/msg/_dr16_receiver.py'...
Compiling '/home/nuc1/contact/sentry_msgs/install/sentry_msgs/local/lib/python3.10/dist-packages/sentry_msgs/msg/_dual_loop_pid.py'...
Compiling '/home/nuc1/contact/sentry_msgs/install/sentry_msgs/local/lib/python3.10/dist-packages/sentry_msgs/msg/_dual_loop_pid_with_filter.py'...
Compiling '/home/nuc1/contact/sentry_msgs/install/sentry_msgs/local/lib/python3.10/dist-packages/sentry_msgs/msg/_field_events.py'...
Compiling '/home/nuc1/contact/sentry_msgs/install/sentry_msgs/local/lib/python3.10/dist-packages/sentry_msgs/msg/_game_result.py'...
Compiling '/home/nuc1/contact/sentry_msgs/install/sentry_msgs/local/lib/python3.10/dist-packages/sentry_msgs/msg/_game_status.py'...
Compiling '/home/nuc1/contact/sentry_msgs/install/sentry_msgs/local/lib/python3.10/dist-packages/sentry_msgs/msg/_robot_buff.py'...
Compiling '/home/nuc1/contact/sentry_msgs/install/sentry_msgs/local/lib/python3.10/dist-packages/sentry_msgs/msg/_robot_hp.py'...
Compiling '/home/nuc1/contact/sentry_msgs/install/sentry_msgs/local/lib/python3.10/dist-packages/sentry_msgs/msg/_robot_position.py'...
Compiling '/home/nuc1/contact/sentry_msgs/install/sentry_msgs/local/lib/python3.10/dist-packages/sentry_msgs/msg/_robot_status.py'...
Compiling '/home/nuc1/contact/sentry_msgs/install/sentry_msgs/local/lib/python3.10/dist-packages/sentry_msgs/msg/_shoot_data.py'...
Listing '/home/nuc1/contact/sentry_msgs/install/sentry_msgs/local/lib/python3.10/dist-packages/sentry_msgs/srv'...
Compiling '/home/nuc1/contact/sentry_msgs/install/sentry_msgs/local/lib/python3.10/dist-packages/sentry_msgs/srv/__init__.py'...
Compiling '/home/nuc1/contact/sentry_msgs/install/sentry_msgs/local/lib/python3.10/dist-packages/sentry_msgs/srv/_reset_motor_position.py'...
Compiling '/home/nuc1/contact/sentry_msgs/install/sentry_msgs/local/lib/python3.10/dist-packages/sentry_msgs/srv/_vision_mode_switch.py'...
-- Installing: /home/nuc1/contact/sentry_msgs/install/sentry_msgs/local/lib/python3.10/dist-packages/sentry_msgs/sentry_msgs_s__rosidl_typesupport_fastrtps_c.cpython-310-x86_64-linux-gnu.so
-- Set runtime path of "/home/nuc1/contact/sentry_msgs/install/sentry_msgs/local/lib/python3.10/dist-packages/sentry_msgs/sentry_msgs_s__rosidl_typesupport_fastrtps_c.cpython-310-x86_64-linux-gnu.so" to ""
-- Installing: /home/nuc1/contact/sentry_msgs/install/sentry_msgs/local/lib/python3.10/dist-packages/sentry_msgs/sentry_msgs_s__rosidl_typesupport_introspection_c.cpython-310-x86_64-linux-gnu.so
-- Set runtime path of "/home/nuc1/contact/sentry_msgs/install/sentry_msgs/local/lib/python3.10/dist-packages/sentry_msgs/sentry_msgs_s__rosidl_typesupport_introspection_c.cpython-310-x86_64-linux-gnu.so" to ""
-- Installing: /home/nuc1/contact/sentry_msgs/install/sentry_msgs/local/lib/python3.10/dist-packages/sentry_msgs/sentry_msgs_s__rosidl_typesupport_c.cpython-310-x86_64-linux-gnu.so
-- Set runtime path of "/home/nuc1/contact/sentry_msgs/install/sentry_msgs/local/lib/python3.10/dist-packages/sentry_msgs/sentry_msgs_s__rosidl_typesupport_c.cpython-310-x86_64-linux-gnu.so" to ""
-- Installing: /home/nuc1/contact/sentry_msgs/install/sentry_msgs/lib/libsentry_msgs__rosidl_generator_py.so
-- Set runtime path of "/home/nuc1/contact/sentry_msgs/install/sentry_msgs/lib/libsentry_msgs__rosidl_generator_py.so" to ""
-- Installing: /home/nuc1/contact/sentry_msgs/install/sentry_msgs/share/sentry_msgs/msg/DR16Receiver.idl
-- Installing: /home/nuc1/contact/sentry_msgs/install/sentry_msgs/share/sentry_msgs/msg/GameStatus.idl
-- Installing: /home/nuc1/contact/sentry_msgs/install/sentry_msgs/share/sentry_msgs/msg/GameResult.idl
-- Installing: /home/nuc1/contact/sentry_msgs/install/sentry_msgs/share/sentry_msgs/msg/RobotHP.idl
-- Installing: /home/nuc1/contact/sentry_msgs/install/sentry_msgs/share/sentry_msgs/msg/FieldEvents.idl
-- Installing: /home/nuc1/contact/sentry_msgs/install/sentry_msgs/share/sentry_msgs/msg/RobotStatus.idl
-- Installing: /home/nuc1/contact/sentry_msgs/install/sentry_msgs/share/sentry_msgs/msg/RobotPosition.idl
-- Installing: /home/nuc1/contact/sentry_msgs/install/sentry_msgs/share/sentry_msgs/msg/RobotBuff.idl
-- Installing: /home/nuc1/contact/sentry_msgs/install/sentry_msgs/share/sentry_msgs/msg/BulletRemaining.idl
-- Installing: /home/nuc1/contact/sentry_msgs/install/sentry_msgs/share/sentry_msgs/msg/ClientCommand.idl
-- Installing: /home/nuc1/contact/sentry_msgs/install/sentry_msgs/share/sentry_msgs/msg/ClientReceive.idl
-- Installing: /home/nuc1/contact/sentry_msgs/install/sentry_msgs/share/sentry_msgs/msg/AutoAIM.idl
-- Installing: /home/nuc1/contact/sentry_msgs/install/sentry_msgs/share/sentry_msgs/msg/DualLoopPIDWithFilter.idl
-- Installing: /home/nuc1/contact/sentry_msgs/install/sentry_msgs/share/sentry_msgs/msg/DualLoopPID.idl
-- Installing: /home/nuc1/contact/sentry_msgs/install/sentry_msgs/share/sentry_msgs/msg/ShootData.idl
-- Installing: /home/nuc1/contact/sentry_msgs/install/sentry_msgs/share/sentry_msgs/srv/VisionModeSwitch.idl
-- Installing: /home/nuc1/contact/sentry_msgs/install/sentry_msgs/share/sentry_msgs/srv/ResetMotorPosition.idl
-- Installing: /home/nuc1/contact/sentry_msgs/install/sentry_msgs/share/sentry_msgs/msg/DR16Receiver.msg
-- Installing: /home/nuc1/contact/sentry_msgs/install/sentry_msgs/share/sentry_msgs/msg/GameStatus.msg
-- Installing: /home/nuc1/contact/sentry_msgs/install/sentry_msgs/share/sentry_msgs/msg/GameResult.msg
-- Installing: /home/nuc1/contact/sentry_msgs/install/sentry_msgs/share/sentry_msgs/msg/RobotHP.msg
-- Installing: /home/nuc1/contact/sentry_msgs/install/sentry_msgs/share/sentry_msgs/msg/FieldEvents.msg
-- Installing: /home/nuc1/contact/sentry_msgs/install/sentry_msgs/share/sentry_msgs/msg/RobotStatus.msg
-- Installing: /home/nuc1/contact/sentry_msgs/install/sentry_msgs/share/sentry_msgs/msg/RobotPosition.msg
-- Installing: /home/nuc1/contact/sentry_msgs/install/sentry_msgs/share/sentry_msgs/msg/RobotBuff.msg
-- Installing: /home/nuc1/contact/sentry_msgs/install/sentry_msgs/share/sentry_msgs/msg/BulletRemaining.msg
-- Installing: /home/nuc1/contact/sentry_msgs/install/sentry_msgs/share/sentry_msgs/msg/ClientCommand.msg
-- Installing: /home/nuc1/contact/sentry_msgs/install/sentry_msgs/share/sentry_msgs/msg/ClientReceive.msg
-- Installing: /home/nuc1/contact/sentry_msgs/install/sentry_msgs/share/sentry_msgs/msg/AutoAIM.msg
-- Installing: /home/nuc1/contact/sentry_msgs/install/sentry_msgs/share/sentry_msgs/msg/DualLoopPIDWithFilter.msg
-- Installing: /home/nuc1/contact/sentry_msgs/install/sentry_msgs/share/sentry_msgs/msg/DualLoopPID.msg
-- Installing: /home/nuc1/contact/sentry_msgs/install/sentry_msgs/share/sentry_msgs/msg/ShootData.msg
-- Installing: /home/nuc1/contact/sentry_msgs/install/sentry_msgs/share/sentry_msgs/srv/VisionModeSwitch.srv
-- Installing: /home/nuc1/contact/sentry_msgs/install/sentry_msgs/share/sentry_msgs/srv/VisionModeSwitch_Request.msg
-- Installing: /home/nuc1/contact/sentry_msgs/install/sentry_msgs/share/sentry_msgs/srv/VisionModeSwitch_Response.msg
-- Installing: /home/nuc1/contact/sentry_msgs/install/sentry_msgs/share/sentry_msgs/srv/ResetMotorPosition.srv
-- Installing: /home/nuc1/contact/sentry_msgs/install/sentry_msgs/share/sentry_msgs/srv/ResetMotorPosition_Request.msg
-- Installing: /home/nuc1/contact/sentry_msgs/install/sentry_msgs/share/sentry_msgs/srv/ResetMotorPosition_Response.msg
-- Installing: /home/nuc1/contact/sentry_msgs/install/sentry_msgs/share/ament_index/resource_index/package_run_dependencies/sentry_msgs
-- Installing: /home/nuc1/contact/sentry_msgs/install/sentry_msgs/share/ament_index/resource_index/parent_prefix_path/sentry_msgs
-- Installing: /home/nuc1/contact/sentry_msgs/install/sentry_msgs/share/sentry_msgs/environment/ament_prefix_path.sh
-- Installing: /home/nuc1/contact/sentry_msgs/install/sentry_msgs/share/sentry_msgs/environment/ament_prefix_path.dsv
-- Installing: /home/nuc1/contact/sentry_msgs/install/sentry_msgs/share/sentry_msgs/environment/path.sh
-- Installing: /home/nuc1/contact/sentry_msgs/install/sentry_msgs/share/sentry_msgs/environment/path.dsv
-- Installing: /home/nuc1/contact/sentry_msgs/install/sentry_msgs/share/sentry_msgs/local_setup.bash
-- Installing: /home/nuc1/contact/sentry_msgs/install/sentry_msgs/share/sentry_msgs/local_setup.sh
-- Installing: /home/nuc1/contact/sentry_msgs/install/sentry_msgs/share/sentry_msgs/local_setup.zsh
-- Installing: /home/nuc1/contact/sentry_msgs/install/sentry_msgs/share/sentry_msgs/local_setup.dsv
-- Installing: /home/nuc1/contact/sentry_msgs/install/sentry_msgs/share/sentry_msgs/package.dsv
-- Installing: /home/nuc1/contact/sentry_msgs/install/sentry_msgs/share/ament_index/resource_index/packages/sentry_msgs
-- Installing: /home/nuc1/contact/sentry_msgs/install/sentry_msgs/share/sentry_msgs/cmake/export_sentry_msgs__rosidl_generator_cExport.cmake
-- Installing: /home/nuc1/contact/sentry_msgs/install/sentry_msgs/share/sentry_msgs/cmake/export_sentry_msgs__rosidl_generator_cExport-noconfig.cmake
-- Installing: /home/nuc1/contact/sentry_msgs/install/sentry_msgs/share/sentry_msgs/cmake/export_sentry_msgs__rosidl_typesupport_fastrtps_cExport.cmake
-- Installing: /home/nuc1/contact/sentry_msgs/install/sentry_msgs/share/sentry_msgs/cmake/export_sentry_msgs__rosidl_typesupport_fastrtps_cExport-noconfig.cmake
-- Installing: /home/nuc1/contact/sentry_msgs/install/sentry_msgs/share/sentry_msgs/cmake/export_sentry_msgs__rosidl_generator_cppExport.cmake
-- Installing: /home/nuc1/contact/sentry_msgs/install/sentry_msgs/share/sentry_msgs/cmake/export_sentry_msgs__rosidl_typesupport_fastrtps_cppExport.cmake
-- Installing: /home/nuc1/contact/sentry_msgs/install/sentry_msgs/share/sentry_msgs/cmake/export_sentry_msgs__rosidl_typesupport_fastrtps_cppExport-noconfig.cmake
-- Installing: /home/nuc1/contact/sentry_msgs/install/sentry_msgs/share/sentry_msgs/cmake/sentry_msgs__rosidl_typesupport_introspection_cExport.cmake
-- Installing: /home/nuc1/contact/sentry_msgs/install/sentry_msgs/share/sentry_msgs/cmake/sentry_msgs__rosidl_typesupport_introspection_cExport-noconfig.cmake
-- Installing: /home/nuc1/contact/sentry_msgs/install/sentry_msgs/share/sentry_msgs/cmake/sentry_msgs__rosidl_typesupport_cExport.cmake
-- Installing: /home/nuc1/contact/sentry_msgs/install/sentry_msgs/share/sentry_msgs/cmake/sentry_msgs__rosidl_typesupport_cExport-noconfig.cmake
-- Installing: /home/nuc1/contact/sentry_msgs/install/sentry_msgs/share/sentry_msgs/cmake/sentry_msgs__rosidl_typesupport_introspection_cppExport.cmake
-- Installing: /home/nuc1/contact/sentry_msgs/install/sentry_msgs/share/sentry_msgs/cmake/sentry_msgs__rosidl_typesupport_introspection_cppExport-noconfig.cmake
-- Installing: /home/nuc1/contact/sentry_msgs/install/sentry_msgs/share/sentry_msgs/cmake/sentry_msgs__rosidl_typesupport_cppExport.cmake
-- Installing: /home/nuc1/contact/sentry_msgs/install/sentry_msgs/share/sentry_msgs/cmake/sentry_msgs__rosidl_typesupport_cppExport-noconfig.cmake
-- Installing: /home/nuc1/contact/sentry_msgs/install/sentry_msgs/share/sentry_msgs/cmake/export_sentry_msgs__rosidl_generator_pyExport.cmake
-- Installing: /home/nuc1/contact/sentry_msgs/install/sentry_msgs/share/sentry_msgs/cmake/export_sentry_msgs__rosidl_generator_pyExport-noconfig.cmake
-- Installing: /home/nuc1/contact/sentry_msgs/install/sentry_msgs/share/sentry_msgs/cmake/rosidl_cmake-extras.cmake
-- Installing: /home/nuc1/contact/sentry_msgs/install/sentry_msgs/share/sentry_msgs/cmake/ament_cmake_export_dependencies-extras.cmake
-- Installing: /home/nuc1/contact/sentry_msgs/install/sentry_msgs/share/sentry_msgs/cmake/ament_cmake_export_include_directories-extras.cmake
-- Installing: /home/nuc1/contact/sentry_msgs/install/sentry_msgs/share/sentry_msgs/cmake/ament_cmake_export_libraries-extras.cmake
-- Installing: /home/nuc1/contact/sentry_msgs/install/sentry_msgs/share/sentry_msgs/cmake/ament_cmake_export_targets-extras.cmake
-- Installing: /home/nuc1/contact/sentry_msgs/install/sentry_msgs/share/sentry_msgs/cmake/rosidl_cmake_export_typesupport_targets-extras.cmake
-- Installing: /home/nuc1/contact/sentry_msgs/install/sentry_msgs/share/sentry_msgs/cmake/rosidl_cmake_export_typesupport_libraries-extras.cmake
-- Installing: /home/nuc1/contact/sentry_msgs/install/sentry_msgs/share/sentry_msgs/cmake/sentry_msgsConfig.cmake
-- Installing: /home/nuc1/contact/sentry_msgs/install/sentry_msgs/share/sentry_msgs/cmake/sentry_msgsConfig-version.cmake
-- Installing: /home/nuc1/contact/sentry_msgs/install/sentry_msgs/share/sentry_msgs/package.xml
