running egg_info
creating build/udp_bridge/udp_bridge.egg-info
writing build/udp_bridge/udp_bridge.egg-info/PKG-INFO
writing dependency_links to build/udp_bridge/udp_bridge.egg-info/dependency_links.txt
writing entry points to build/udp_bridge/udp_bridge.egg-info/entry_points.txt
writing requirements to build/udp_bridge/udp_bridge.egg-info/requires.txt
writing top-level names to build/udp_bridge/udp_bridge.egg-info/top_level.txt
writing manifest file 'build/udp_bridge/udp_bridge.egg-info/SOURCES.txt'
reading manifest file 'build/udp_bridge/udp_bridge.egg-info/SOURCES.txt'
writing manifest file 'build/udp_bridge/udp_bridge.egg-info/SOURCES.txt'
running build
running build_py
creating /home/nuc02/rm_vision/src/udp_bridge/build/udp_bridge/build
creating /home/nuc02/rm_vision/src/udp_bridge/build/udp_bridge/build/lib
creating /home/nuc02/rm_vision/src/udp_bridge/build/udp_bridge/build/lib/udp_bridge
copying udp_bridge/__init__.py -> /home/nuc02/rm_vision/src/udp_bridge/build/udp_bridge/build/lib/udp_bridge
copying udp_bridge/udp_bridge_node.py -> /home/nuc02/rm_vision/src/udp_bridge/build/udp_bridge/build/lib/udp_bridge
running install
running install_lib
creating /home/nuc02/rm_vision/src/udp_bridge/install/udp_bridge/lib/python3.12/site-packages/udp_bridge
copying /home/nuc02/rm_vision/src/udp_bridge/build/udp_bridge/build/lib/udp_bridge/__init__.py -> /home/nuc02/rm_vision/src/udp_bridge/install/udp_bridge/lib/python3.12/site-packages/udp_bridge
copying /home/nuc02/rm_vision/src/udp_bridge/build/udp_bridge/build/lib/udp_bridge/udp_bridge_node.py -> /home/nuc02/rm_vision/src/udp_bridge/install/udp_bridge/lib/python3.12/site-packages/udp_bridge
byte-compiling /home/nuc02/rm_vision/src/udp_bridge/install/udp_bridge/lib/python3.12/site-packages/udp_bridge/__init__.py to __init__.cpython-312.pyc
byte-compiling /home/nuc02/rm_vision/src/udp_bridge/install/udp_bridge/lib/python3.12/site-packages/udp_bridge/udp_bridge_node.py to udp_bridge_node.cpython-312.pyc
running install_data
creating /home/nuc02/rm_vision/src/udp_bridge/install/udp_bridge/share/ament_index
creating /home/nuc02/rm_vision/src/udp_bridge/install/udp_bridge/share/ament_index/resource_index
creating /home/nuc02/rm_vision/src/udp_bridge/install/udp_bridge/share/ament_index/resource_index/packages
copying resource/udp_bridge -> /home/nuc02/rm_vision/src/udp_bridge/install/udp_bridge/share/ament_index/resource_index/packages
copying package.xml -> /home/nuc02/rm_vision/src/udp_bridge/install/udp_bridge/share/udp_bridge
creating /home/nuc02/rm_vision/src/udp_bridge/install/udp_bridge/share/udp_bridge/launch
copying launch/jetson.launch.py -> /home/nuc02/rm_vision/src/udp_bridge/install/udp_bridge/share/udp_bridge/launch
copying launch/nuc.launch.py -> /home/nuc02/rm_vision/src/udp_bridge/install/udp_bridge/share/udp_bridge/launch
creating /home/nuc02/rm_vision/src/udp_bridge/install/udp_bridge/share/udp_bridge/config
copying config/jetson.yaml -> /home/nuc02/rm_vision/src/udp_bridge/install/udp_bridge/share/udp_bridge/config
copying config/nuc.yaml -> /home/nuc02/rm_vision/src/udp_bridge/install/udp_bridge/share/udp_bridge/config
running install_egg_info
Copying build/udp_bridge/udp_bridge.egg-info to /home/nuc02/rm_vision/src/udp_bridge/install/udp_bridge/lib/python3.12/site-packages/udp_bridge-0.0.1-py3.12.egg-info
running install_scripts
Installing udp_bridge_node script to /home/nuc02/rm_vision/src/udp_bridge/install/udp_bridge/lib/udp_bridge
writing list of installed files to '/home/nuc02/rm_vision/src/udp_bridge/build/udp_bridge/install.log'
