[0.376s] Invoking command in '/home/nuc02/rm_vision/src/udp_bridge': DEBUGINFOD_URLS=https://debuginfod.ubuntu.com PYTHONPATH=/home/nuc02/rm_vision/src/udp_bridge/build/udp_bridge/prefix_override:/usr/lib/python3/dist-packages/colcon_core/task/python/colcon_distutils_commands:/home/nuc02/rm_vision/src/udp_bridge/install/udp_bridge/lib/python3.12/site-packages:${PYTHONPATH} /usr/bin/python3 -W ignore:setup.py install is deprecated -W ignore:easy_install command is deprecated setup.py egg_info --egg-base build/udp_bridge build --build-base /home/nuc02/rm_vision/src/udp_bridge/build/udp_bridge/build install --record /home/nuc02/rm_vision/src/udp_bridge/build/udp_bridge/install.log --single-version-externally-managed install_data
[0.507s] running egg_info
[0.507s] creating build/udp_bridge/udp_bridge.egg-info
[0.513s] writing build/udp_bridge/udp_bridge.egg-info/PKG-INFO
[0.514s] writing dependency_links to build/udp_bridge/udp_bridge.egg-info/dependency_links.txt
[0.514s] writing entry points to build/udp_bridge/udp_bridge.egg-info/entry_points.txt
[0.514s] writing requirements to build/udp_bridge/udp_bridge.egg-info/requires.txt
[0.514s] writing top-level names to build/udp_bridge/udp_bridge.egg-info/top_level.txt
[0.514s] writing manifest file 'build/udp_bridge/udp_bridge.egg-info/SOURCES.txt'
[0.528s] reading manifest file 'build/udp_bridge/udp_bridge.egg-info/SOURCES.txt'
[0.528s] writing manifest file 'build/udp_bridge/udp_bridge.egg-info/SOURCES.txt'
[0.528s] running build
[0.529s] running build_py
[0.529s] creating /home/nuc02/rm_vision/src/udp_bridge/build/udp_bridge/build
[0.529s] creating /home/nuc02/rm_vision/src/udp_bridge/build/udp_bridge/build/lib
[0.529s] creating /home/nuc02/rm_vision/src/udp_bridge/build/udp_bridge/build/lib/udp_bridge
[0.529s] copying udp_bridge/__init__.py -> /home/nuc02/rm_vision/src/udp_bridge/build/udp_bridge/build/lib/udp_bridge
[0.529s] copying udp_bridge/udp_bridge_node.py -> /home/nuc02/rm_vision/src/udp_bridge/build/udp_bridge/build/lib/udp_bridge
[0.529s] running install
[0.531s] running install_lib
[0.538s] creating /home/nuc02/rm_vision/src/udp_bridge/install/udp_bridge/lib/python3.12/site-packages/udp_bridge
[0.539s] copying /home/nuc02/rm_vision/src/udp_bridge/build/udp_bridge/build/lib/udp_bridge/__init__.py -> /home/nuc02/rm_vision/src/udp_bridge/install/udp_bridge/lib/python3.12/site-packages/udp_bridge
[0.539s] copying /home/nuc02/rm_vision/src/udp_bridge/build/udp_bridge/build/lib/udp_bridge/udp_bridge_node.py -> /home/nuc02/rm_vision/src/udp_bridge/install/udp_bridge/lib/python3.12/site-packages/udp_bridge
[0.539s] byte-compiling /home/nuc02/rm_vision/src/udp_bridge/install/udp_bridge/lib/python3.12/site-packages/udp_bridge/__init__.py to __init__.cpython-312.pyc
[0.539s] byte-compiling /home/nuc02/rm_vision/src/udp_bridge/install/udp_bridge/lib/python3.12/site-packages/udp_bridge/udp_bridge_node.py to udp_bridge_node.cpython-312.pyc
[0.540s] running install_data
[0.540s] creating /home/nuc02/rm_vision/src/udp_bridge/install/udp_bridge/share/ament_index
[0.540s] creating /home/nuc02/rm_vision/src/udp_bridge/install/udp_bridge/share/ament_index/resource_index
[0.540s] creating /home/nuc02/rm_vision/src/udp_bridge/install/udp_bridge/share/ament_index/resource_index/packages
[0.540s] copying resource/udp_bridge -> /home/nuc02/rm_vision/src/udp_bridge/install/udp_bridge/share/ament_index/resource_index/packages
[0.540s] copying package.xml -> /home/nuc02/rm_vision/src/udp_bridge/install/udp_bridge/share/udp_bridge
[0.540s] creating /home/nuc02/rm_vision/src/udp_bridge/install/udp_bridge/share/udp_bridge/launch
[0.540s] copying launch/jetson.launch.py -> /home/nuc02/rm_vision/src/udp_bridge/install/udp_bridge/share/udp_bridge/launch
[0.540s] copying launch/nuc.launch.py -> /home/nuc02/rm_vision/src/udp_bridge/install/udp_bridge/share/udp_bridge/launch
[0.541s] creating /home/nuc02/rm_vision/src/udp_bridge/install/udp_bridge/share/udp_bridge/config
[0.541s] copying config/jetson.yaml -> /home/nuc02/rm_vision/src/udp_bridge/install/udp_bridge/share/udp_bridge/config
[0.541s] copying config/nuc.yaml -> /home/nuc02/rm_vision/src/udp_bridge/install/udp_bridge/share/udp_bridge/config
[0.541s] running install_egg_info
[0.548s] Copying build/udp_bridge/udp_bridge.egg-info to /home/nuc02/rm_vision/src/udp_bridge/install/udp_bridge/lib/python3.12/site-packages/udp_bridge-0.0.1-py3.12.egg-info
[0.549s] running install_scripts
[0.600s] Installing udp_bridge_node script to /home/nuc02/rm_vision/src/udp_bridge/install/udp_bridge/lib/udp_bridge
[0.600s] writing list of installed files to '/home/nuc02/rm_vision/src/udp_bridge/build/udp_bridge/install.log'
[0.614s] Invoked command in '/home/nuc02/rm_vision/src/udp_bridge' returned '0': DEBUGINFOD_URLS=https://debuginfod.ubuntu.com PYTHONPATH=/home/nuc02/rm_vision/src/udp_bridge/build/udp_bridge/prefix_override:/usr/lib/python3/dist-packages/colcon_core/task/python/colcon_distutils_commands:/home/nuc02/rm_vision/src/udp_bridge/install/udp_bridge/lib/python3.12/site-packages:${PYTHONPATH} /usr/bin/python3 -W ignore:setup.py install is deprecated -W ignore:easy_install command is deprecated setup.py egg_info --egg-base build/udp_bridge build --build-base /home/nuc02/rm_vision/src/udp_bridge/build/udp_bridge/build install --record /home/nuc02/rm_vision/src/udp_bridge/build/udp_bridge/install.log --single-version-externally-managed install_data
