[0.079s] DEBUG:colcon:Command line arguments: ['/usr/bin/colcon', 'build']
[0.079s] DEBUG:colcon:Parsed command line arguments: Namespace(log_base=None, log_level=None, verb_name='build', build_base='build', install_base='install', merge_install=False, symlink_install=False, test_result_base=None, continue_on_error=False, executor='parallel', parallel_workers=8, event_handlers=None, ignore_user_meta=False, metas=['./colcon.meta'], base_paths=['.'], packages_ignore=None, packages_ignore_regex=None, paths=None, packages_up_to=None, packages_up_to_regex=None, packages_above=None, packages_above_and_dependencies=None, packages_above_depth=None, packages_select_by_dep=None, packages_skip_by_dep=None, packages_skip_up_to=None, packages_select_build_failed=False, packages_skip_build_finished=False, packages_select_test_failures=False, packages_skip_test_passed=False, packages_select=None, packages_skip=None, packages_select_regex=None, packages_skip_regex=None, packages_start=None, packages_end=None, allow_overriding=[], cmake_args=None, cmake_target=None, cmake_target_skip_unavailable=False, cmake_clean_cache=False, cmake_clean_first=False, cmake_force_configure=False, ament_cmake_args=None, catkin_cmake_args=None, catkin_skip_building_tests=False, mixin_files=None, mixin=None, verb_parser=<colcon_mixin.mixin.mixin_argument.MixinArgumentDecorator object at 0x7ac8f2f463e0>, verb_extension=<colcon_core.verb.build.BuildVerb object at 0x7ac8f3042a70>, main=<bound method BuildVerb.main of <colcon_core.verb.build.BuildVerb object at 0x7ac8f3042a70>>, mixin_verb=('build',))
[0.197s] Level 1:colcon.colcon_core.package_discovery:discover_packages(colcon_meta) check parameters
[0.197s] Level 1:colcon.colcon_core.package_discovery:discover_packages(recursive) check parameters
[0.197s] Level 1:colcon.colcon_core.package_discovery:discover_packages(ignore) check parameters
[0.197s] Level 1:colcon.colcon_core.package_discovery:discover_packages(path) check parameters
[0.197s] Level 1:colcon.colcon_core.package_discovery:discover_packages(colcon_meta) discover
[0.197s] Level 1:colcon.colcon_core.package_discovery:discover_packages(recursive) discover
[0.197s] INFO:colcon.colcon_core.package_discovery:Crawling recursively for packages in '/home/nuc1/contact/sentry_msgs'
[0.197s] Level 1:colcon.colcon_core.package_identification:_identify(.) by extensions ['ignore', 'ignore_ament_install']
[0.197s] Level 1:colcon.colcon_core.package_identification:_identify(.) by extension 'ignore'
[0.197s] Level 1:colcon.colcon_core.package_identification:_identify(.) by extension 'ignore_ament_install'
[0.197s] Level 1:colcon.colcon_core.package_identification:_identify(.) by extensions ['colcon_pkg']
[0.197s] Level 1:colcon.colcon_core.package_identification:_identify(.) by extension 'colcon_pkg'
[0.198s] Level 1:colcon.colcon_core.package_identification:_identify(.) by extensions ['colcon_meta']
[0.198s] Level 1:colcon.colcon_core.package_identification:_identify(.) by extension 'colcon_meta'
[0.198s] Level 1:colcon.colcon_core.package_identification:_identify(.) by extensions ['ros']
[0.198s] Level 1:colcon.colcon_core.package_identification:_identify(.) by extension 'ros'
[0.207s] DEBUG:colcon.colcon_core.package_identification:Package '.' with type 'ros.ament_cmake' and name 'sentry_msgs'
[0.207s] Level 1:colcon.colcon_core.package_discovery:discover_packages(recursive) using defaults
[0.207s] Level 1:colcon.colcon_core.package_discovery:discover_packages(ignore) discover
[0.207s] Level 1:colcon.colcon_core.package_discovery:discover_packages(ignore) using defaults
[0.207s] Level 1:colcon.colcon_core.package_discovery:discover_packages(path) discover
[0.207s] Level 1:colcon.colcon_core.package_discovery:discover_packages(path) using defaults
[0.232s] Level 1:colcon.colcon_core.package_discovery:discover_packages(prefix_path) check parameters
[0.232s] Level 1:colcon.colcon_core.package_discovery:discover_packages(prefix_path) discover
[0.234s] DEBUG:colcon.colcon_installed_package_information.package_discovery:Found 320 installed packages in /opt/ros/humble
[0.235s] Level 1:colcon.colcon_core.package_discovery:discover_packages(prefix_path) using defaults
[0.264s] Level 5:colcon.colcon_core.verb:set package 'sentry_msgs' build argument 'cmake_args' from command line to 'None'
[0.264s] Level 5:colcon.colcon_core.verb:set package 'sentry_msgs' build argument 'cmake_target' from command line to 'None'
[0.264s] Level 5:colcon.colcon_core.verb:set package 'sentry_msgs' build argument 'cmake_target_skip_unavailable' from command line to 'False'
[0.264s] Level 5:colcon.colcon_core.verb:set package 'sentry_msgs' build argument 'cmake_clean_cache' from command line to 'False'
[0.264s] Level 5:colcon.colcon_core.verb:set package 'sentry_msgs' build argument 'cmake_clean_first' from command line to 'False'
[0.264s] Level 5:colcon.colcon_core.verb:set package 'sentry_msgs' build argument 'cmake_force_configure' from command line to 'False'
[0.264s] Level 5:colcon.colcon_core.verb:set package 'sentry_msgs' build argument 'ament_cmake_args' from command line to 'None'
[0.264s] Level 5:colcon.colcon_core.verb:set package 'sentry_msgs' build argument 'catkin_cmake_args' from command line to 'None'
[0.264s] Level 5:colcon.colcon_core.verb:set package 'sentry_msgs' build argument 'catkin_skip_building_tests' from command line to 'False'
[0.264s] DEBUG:colcon.colcon_core.verb:Building package 'sentry_msgs' with the following arguments: {'ament_cmake_args': None, 'build_base': '/home/nuc1/contact/sentry_msgs/build/sentry_msgs', 'catkin_cmake_args': None, 'catkin_skip_building_tests': False, 'cmake_args': None, 'cmake_clean_cache': False, 'cmake_clean_first': False, 'cmake_force_configure': False, 'cmake_target': None, 'cmake_target_skip_unavailable': False, 'install_base': '/home/nuc1/contact/sentry_msgs/install/sentry_msgs', 'merge_install': False, 'path': '/home/nuc1/contact/sentry_msgs', 'symlink_install': False, 'test_result_base': None}
[0.264s] INFO:colcon.colcon_core.executor:Executing jobs using 'parallel' executor
[0.265s] DEBUG:colcon.colcon_parallel_executor.executor.parallel:run_until_complete
[0.265s] INFO:colcon.colcon_ros.task.ament_cmake.build:Building ROS package in '/home/nuc1/contact/sentry_msgs' with build type 'ament_cmake'
[0.265s] INFO:colcon.colcon_cmake.task.cmake.build:Building CMake package in '/home/nuc1/contact/sentry_msgs'
[0.267s] INFO:colcon.colcon_core.plugin_system:Skipping extension 'colcon_core.shell.bat': Not used on non-Windows systems
[0.267s] INFO:colcon.colcon_core.shell:Skip shell extension 'powershell' for command environment: Not usable outside of PowerShell
[0.267s] DEBUG:colcon.colcon_core.shell:Skip shell extension 'dsv' for command environment
[0.273s] DEBUG:colcon.colcon_core.event_handler.log_command:Invoking command in '/home/nuc1/contact/sentry_msgs/build/sentry_msgs': CMAKE_PREFIX_PATH=/opt/ros/humble /usr/bin/cmake /home/nuc1/contact/sentry_msgs -DCMAKE_INSTALL_PREFIX=/home/nuc1/contact/sentry_msgs/install/sentry_msgs
[1.586s] DEBUG:colcon.colcon_core.event_handler.log_command:Invoked command in '/home/nuc1/contact/sentry_msgs/build/sentry_msgs' returned '0': CMAKE_PREFIX_PATH=/opt/ros/humble /usr/bin/cmake /home/nuc1/contact/sentry_msgs -DCMAKE_INSTALL_PREFIX=/home/nuc1/contact/sentry_msgs/install/sentry_msgs
[1.587s] DEBUG:colcon.colcon_core.event_handler.log_command:Invoking command in '/home/nuc1/contact/sentry_msgs/build/sentry_msgs': CMAKE_PREFIX_PATH=/opt/ros/humble /usr/bin/cmake --build /home/nuc1/contact/sentry_msgs/build/sentry_msgs -- -j8 -l8
[12.744s] DEBUG:colcon.colcon_core.event_handler.log_command:Invoked command in '/home/nuc1/contact/sentry_msgs/build/sentry_msgs' returned '0': CMAKE_PREFIX_PATH=/opt/ros/humble /usr/bin/cmake --build /home/nuc1/contact/sentry_msgs/build/sentry_msgs -- -j8 -l8
[12.969s] DEBUG:colcon.colcon_core.event_handler.log_command:Invoking command in '/home/nuc1/contact/sentry_msgs/build/sentry_msgs': CMAKE_PREFIX_PATH=/opt/ros/humble /usr/bin/cmake --install /home/nuc1/contact/sentry_msgs/build/sentry_msgs
[13.051s] Level 1:colcon.colcon_core.environment:create_environment_scripts_only(sentry_msgs)
[13.051s] DEBUG:colcon.colcon_core.event_handler.log_command:Invoked command in '/home/nuc1/contact/sentry_msgs/build/sentry_msgs' returned '0': CMAKE_PREFIX_PATH=/opt/ros/humble /usr/bin/cmake --install /home/nuc1/contact/sentry_msgs/build/sentry_msgs
[13.053s] Level 1:colcon.colcon_core.environment:checking '/home/nuc1/contact/sentry_msgs/install/sentry_msgs' for CMake module files
[13.053s] Level 1:colcon.colcon_core.environment:checking '/home/nuc1/contact/sentry_msgs/install/sentry_msgs' for CMake config files
[13.053s] Level 1:colcon.colcon_core.shell:create_environment_hook('sentry_msgs', 'cmake_prefix_path')
[13.053s] INFO:colcon.colcon_core.shell:Creating environment hook '/home/nuc1/contact/sentry_msgs/install/sentry_msgs/share/sentry_msgs/hook/cmake_prefix_path.ps1'
[13.054s] INFO:colcon.colcon_core.shell:Creating environment descriptor '/home/nuc1/contact/sentry_msgs/install/sentry_msgs/share/sentry_msgs/hook/cmake_prefix_path.dsv'
[13.054s] INFO:colcon.colcon_core.shell:Creating environment hook '/home/nuc1/contact/sentry_msgs/install/sentry_msgs/share/sentry_msgs/hook/cmake_prefix_path.sh'
[13.055s] Level 1:colcon.colcon_core.environment:checking '/home/nuc1/contact/sentry_msgs/install/sentry_msgs/lib'
[13.055s] Level 1:colcon.colcon_core.shell:create_environment_hook('sentry_msgs', 'ld_library_path_lib')
[13.055s] INFO:colcon.colcon_core.shell:Creating environment hook '/home/nuc1/contact/sentry_msgs/install/sentry_msgs/share/sentry_msgs/hook/ld_library_path_lib.ps1'
[13.055s] INFO:colcon.colcon_core.shell:Creating environment descriptor '/home/nuc1/contact/sentry_msgs/install/sentry_msgs/share/sentry_msgs/hook/ld_library_path_lib.dsv'
[13.055s] INFO:colcon.colcon_core.shell:Creating environment hook '/home/nuc1/contact/sentry_msgs/install/sentry_msgs/share/sentry_msgs/hook/ld_library_path_lib.sh'
[13.056s] Level 1:colcon.colcon_core.environment:checking '/home/nuc1/contact/sentry_msgs/install/sentry_msgs/bin'
[13.056s] Level 1:colcon.colcon_core.environment:checking '/home/nuc1/contact/sentry_msgs/install/sentry_msgs/lib/pkgconfig/sentry_msgs.pc'
[13.056s] Level 1:colcon.colcon_core.environment:checking '/home/nuc1/contact/sentry_msgs/install/sentry_msgs/lib/python3.10/site-packages'
[13.056s] Level 1:colcon.colcon_core.environment:checking '/home/nuc1/contact/sentry_msgs/install/sentry_msgs/bin'
[13.056s] INFO:colcon.colcon_core.shell:Creating package script '/home/nuc1/contact/sentry_msgs/install/sentry_msgs/share/sentry_msgs/package.ps1'
[13.057s] INFO:colcon.colcon_core.shell:Creating package descriptor '/home/nuc1/contact/sentry_msgs/install/sentry_msgs/share/sentry_msgs/package.dsv'
[13.057s] INFO:colcon.colcon_core.shell:Creating package script '/home/nuc1/contact/sentry_msgs/install/sentry_msgs/share/sentry_msgs/package.sh'
[13.058s] INFO:colcon.colcon_core.shell:Creating package script '/home/nuc1/contact/sentry_msgs/install/sentry_msgs/share/sentry_msgs/package.bash'
[13.058s] INFO:colcon.colcon_core.shell:Creating package script '/home/nuc1/contact/sentry_msgs/install/sentry_msgs/share/sentry_msgs/package.zsh'
[13.058s] Level 1:colcon.colcon_core.environment:create_file_with_runtime_dependencies(/home/nuc1/contact/sentry_msgs/install/sentry_msgs/share/colcon-core/packages/sentry_msgs)
[13.271s] Level 1:colcon.colcon_core.environment:create_environment_scripts_only(sentry_msgs)
[13.271s] Level 1:colcon.colcon_core.environment:checking '/home/nuc1/contact/sentry_msgs/install/sentry_msgs' for CMake module files
[13.274s] Level 1:colcon.colcon_core.environment:checking '/home/nuc1/contact/sentry_msgs/install/sentry_msgs' for CMake config files
[13.274s] Level 1:colcon.colcon_core.shell:create_environment_hook('sentry_msgs', 'cmake_prefix_path')
[13.274s] INFO:colcon.colcon_core.shell:Creating environment hook '/home/nuc1/contact/sentry_msgs/install/sentry_msgs/share/sentry_msgs/hook/cmake_prefix_path.ps1'
[13.275s] INFO:colcon.colcon_core.shell:Creating environment descriptor '/home/nuc1/contact/sentry_msgs/install/sentry_msgs/share/sentry_msgs/hook/cmake_prefix_path.dsv'
[13.275s] INFO:colcon.colcon_core.shell:Creating environment hook '/home/nuc1/contact/sentry_msgs/install/sentry_msgs/share/sentry_msgs/hook/cmake_prefix_path.sh'
[13.275s] Level 1:colcon.colcon_core.environment:checking '/home/nuc1/contact/sentry_msgs/install/sentry_msgs/lib'
[13.275s] Level 1:colcon.colcon_core.shell:create_environment_hook('sentry_msgs', 'ld_library_path_lib')
[13.276s] INFO:colcon.colcon_core.shell:Creating environment hook '/home/nuc1/contact/sentry_msgs/install/sentry_msgs/share/sentry_msgs/hook/ld_library_path_lib.ps1'
[13.276s] INFO:colcon.colcon_core.shell:Creating environment descriptor '/home/nuc1/contact/sentry_msgs/install/sentry_msgs/share/sentry_msgs/hook/ld_library_path_lib.dsv'
[13.276s] INFO:colcon.colcon_core.shell:Creating environment hook '/home/nuc1/contact/sentry_msgs/install/sentry_msgs/share/sentry_msgs/hook/ld_library_path_lib.sh'
[13.276s] Level 1:colcon.colcon_core.environment:checking '/home/nuc1/contact/sentry_msgs/install/sentry_msgs/bin'
[13.276s] Level 1:colcon.colcon_core.environment:checking '/home/nuc1/contact/sentry_msgs/install/sentry_msgs/lib/pkgconfig/sentry_msgs.pc'
[13.276s] Level 1:colcon.colcon_core.environment:checking '/home/nuc1/contact/sentry_msgs/install/sentry_msgs/lib/python3.10/site-packages'
[13.277s] Level 1:colcon.colcon_core.environment:checking '/home/nuc1/contact/sentry_msgs/install/sentry_msgs/bin'
[13.277s] INFO:colcon.colcon_core.shell:Creating package script '/home/nuc1/contact/sentry_msgs/install/sentry_msgs/share/sentry_msgs/package.ps1'
[13.277s] INFO:colcon.colcon_core.shell:Creating package descriptor '/home/nuc1/contact/sentry_msgs/install/sentry_msgs/share/sentry_msgs/package.dsv'
[13.277s] INFO:colcon.colcon_core.shell:Creating package script '/home/nuc1/contact/sentry_msgs/install/sentry_msgs/share/sentry_msgs/package.sh'
[13.278s] INFO:colcon.colcon_core.shell:Creating package script '/home/nuc1/contact/sentry_msgs/install/sentry_msgs/share/sentry_msgs/package.bash'
[13.278s] INFO:colcon.colcon_core.shell:Creating package script '/home/nuc1/contact/sentry_msgs/install/sentry_msgs/share/sentry_msgs/package.zsh'
[13.278s] Level 1:colcon.colcon_core.environment:create_file_with_runtime_dependencies(/home/nuc1/contact/sentry_msgs/install/sentry_msgs/share/colcon-core/packages/sentry_msgs)
[13.279s] DEBUG:colcon.colcon_parallel_executor.executor.parallel:closing loop
[13.279s] DEBUG:colcon.colcon_parallel_executor.executor.parallel:loop closed
[13.279s] DEBUG:colcon.colcon_parallel_executor.executor.parallel:run_until_complete finished with '0'
[13.279s] DEBUG:colcon.colcon_core.event_reactor:joining thread
[13.282s] INFO:colcon.colcon_core.plugin_system:Skipping extension 'colcon_notification.desktop_notification.terminal_notifier': Not used on non-Darwin systems
[13.282s] INFO:colcon.colcon_core.plugin_system:Skipping extension 'colcon_notification.desktop_notification.win32': Not used on non-Windows systems
[13.282s] INFO:colcon.colcon_notification.desktop_notification:Sending desktop notification using 'notify2'
[38.308s] DEBUG:colcon.colcon_notification.desktop_notification.notify2:Failed to initialize notify2: org.freedesktop.DBus.Error.NoReply: Did not receive a reply. Possible causes include: the remote application did not send a reply, the message bus security policy blocked the reply, the reply timeout expired, or the network connection was broken.
[38.308s] DEBUG:colcon.colcon_core.event_reactor:joined thread
[38.309s] INFO:colcon.colcon_core.shell:Creating prefix script '/home/nuc1/contact/sentry_msgs/install/local_setup.ps1'
[38.311s] INFO:colcon.colcon_core.shell:Creating prefix util module '/home/nuc1/contact/sentry_msgs/install/_local_setup_util_ps1.py'
[38.313s] INFO:colcon.colcon_core.shell:Creating prefix chain script '/home/nuc1/contact/sentry_msgs/install/setup.ps1'
[38.315s] INFO:colcon.colcon_core.shell:Creating prefix script '/home/nuc1/contact/sentry_msgs/install/local_setup.sh'
[38.316s] INFO:colcon.colcon_core.shell:Creating prefix util module '/home/nuc1/contact/sentry_msgs/install/_local_setup_util_sh.py'
[38.317s] INFO:colcon.colcon_core.shell:Creating prefix chain script '/home/nuc1/contact/sentry_msgs/install/setup.sh'
[38.318s] INFO:colcon.colcon_core.shell:Creating prefix script '/home/nuc1/contact/sentry_msgs/install/local_setup.bash'
[38.319s] INFO:colcon.colcon_core.shell:Creating prefix chain script '/home/nuc1/contact/sentry_msgs/install/setup.bash'
[38.321s] INFO:colcon.colcon_core.shell:Creating prefix script '/home/nuc1/contact/sentry_msgs/install/local_setup.zsh'
[38.321s] INFO:colcon.colcon_core.shell:Creating prefix chain script '/home/nuc1/contact/sentry_msgs/install/setup.zsh'
