[0.364s] Invoking command in '/home/nuc02/rm_vision/src/udp_bridge': DEBUGINFOD_URLS=https://debuginfod.ubuntu.com PYTHONPATH=/home/nuc02/rm_vision/src/udp_bridge/build/udp_bridge/prefix_override:/usr/lib/python3/dist-packages/colcon_core/task/python/colcon_distutils_commands:/home/nuc02/rm_vision/src/udp_bridge/install/udp_bridge/lib/python3.12/site-packages:${PYTHONPATH} /usr/bin/python3 -W ignore:setup.py install is deprecated -W ignore:easy_install command is deprecated setup.py egg_info --egg-base build/udp_bridge build --build-base /home/nuc02/rm_vision/src/udp_bridge/build/udp_bridge/build install --record /home/nuc02/rm_vision/src/udp_bridge/build/udp_bridge/install.log --single-version-externally-managed install_data
[0.488s] running egg_info
[0.494s] writing build/udp_bridge/udp_bridge.egg-info/PKG-INFO
[0.494s] writing dependency_links to build/udp_bridge/udp_bridge.egg-info/dependency_links.txt
[0.495s] writing entry points to build/udp_bridge/udp_bridge.egg-info/entry_points.txt
[0.495s] writing requirements to build/udp_bridge/udp_bridge.egg-info/requires.txt
[0.495s] writing top-level names to build/udp_bridge/udp_bridge.egg-info/top_level.txt
[0.509s] reading manifest file 'build/udp_bridge/udp_bridge.egg-info/SOURCES.txt'
[0.509s] writing manifest file 'build/udp_bridge/udp_bridge.egg-info/SOURCES.txt'
[0.509s] running build
[0.509s] running build_py
[0.509s] running install
[0.512s] running install_lib
[0.519s] running install_data
[0.519s] running install_egg_info
[0.527s] removing '/home/nuc02/rm_vision/src/udp_bridge/install/udp_bridge/lib/python3.12/site-packages/udp_bridge-0.0.1-py3.12.egg-info' (and everything under it)
[0.527s] Copying build/udp_bridge/udp_bridge.egg-info to /home/nuc02/rm_vision/src/udp_bridge/install/udp_bridge/lib/python3.12/site-packages/udp_bridge-0.0.1-py3.12.egg-info
[0.528s] running install_scripts
[0.579s] Installing udp_bridge_node script to /home/nuc02/rm_vision/src/udp_bridge/install/udp_bridge/lib/udp_bridge
[0.580s] writing list of installed files to '/home/nuc02/rm_vision/src/udp_bridge/build/udp_bridge/install.log'
[0.594s] Invoked command in '/home/nuc02/rm_vision/src/udp_bridge' returned '0': DEBUGINFOD_URLS=https://debuginfod.ubuntu.com PYTHONPATH=/home/nuc02/rm_vision/src/udp_bridge/build/udp_bridge/prefix_override:/usr/lib/python3/dist-packages/colcon_core/task/python/colcon_distutils_commands:/home/nuc02/rm_vision/src/udp_bridge/install/udp_bridge/lib/python3.12/site-packages:${PYTHONPATH} /usr/bin/python3 -W ignore:setup.py install is deprecated -W ignore:easy_install command is deprecated setup.py egg_info --egg-base build/udp_bridge build --build-base /home/nuc02/rm_vision/src/udp_bridge/build/udp_bridge/build install --record /home/nuc02/rm_vision/src/udp_bridge/build/udp_bridge/install.log --single-version-externally-managed install_data
